[2022-11-02T11:32:11.550+0100][gc,heap] Heap region size: 1M
[2022-11-02T11:32:11.561+0100][gc     ] Using G1
[2022-11-02T11:32:11.561+0100][gc,heap,coops] Heap address: 0x00000000c0000000, size: 1024 MB, Compressed Oops mode: 32-bit
[2022-11-02T11:32:11.561+0100][gc,cds       ] Mark closed archive regions in map: [0x00000000fff00000, 0x00000000fff6aff8]
[2022-11-02T11:32:11.561+0100][gc,cds       ] Mark open archive regions in map: [0x00000000ffe00000, 0x00000000ffe47ff8]
[2022-11-02T11:32:12.460+0100][gc,start     ] GC(0) Pause Young (Normal) (G1 Evacuation Pause)
[2022-11-02T11:32:12.461+0100][gc,task      ] GC(0) Using 8 workers of 8 for evacuation
[2022-11-02T11:32:12.470+0100][gc,phases    ] GC(0)   Pre Evacuate Collection Set: 0,0ms
[2022-11-02T11:32:12.470+0100][gc,phases    ] GC(0)   Evacuate Collection Set: 8,4ms
[2022-11-02T11:32:12.470+0100][gc,phases    ] GC(0)   Post Evacuate Collection Set: 0,5ms
[2022-11-02T11:32:12.470+0100][gc,phases    ] GC(0)   Other: 1,0ms
[2022-11-02T11:32:12.470+0100][gc,heap      ] GC(0) Eden regions: 51->0(44)
[2022-11-02T11:32:12.470+0100][gc,heap      ] GC(0) Survivor regions: 0->7(7)
[2022-11-02T11:32:12.470+0100][gc,heap      ] GC(0) Old regions: 2->2
[2022-11-02T11:32:12.470+0100][gc,heap      ] GC(0) Humongous regions: 0->0
[2022-11-02T11:32:12.470+0100][gc,metaspace ] GC(0) Metaspace: 14360K->14360K(1062912K)
[2022-11-02T11:32:12.470+0100][gc           ] GC(0) Pause Young (Normal) (G1 Evacuation Pause) 51M->7M(1024M) 10,002ms
[2022-11-02T11:32:12.470+0100][gc,cpu       ] GC(0) User=0,07s Sys=0,00s Real=0,01s
[2022-11-02T11:32:12.933+0100][gc,start     ] GC(1) Pause Young (Concurrent Start) (Metadata GC Threshold)
[2022-11-02T11:32:12.933+0100][gc,task      ] GC(1) Using 8 workers of 8 for evacuation
[2022-11-02T11:32:12.942+0100][gc,phases    ] GC(1)   Pre Evacuate Collection Set: 0,0ms
[2022-11-02T11:32:12.942+0100][gc,phases    ] GC(1)   Evacuate Collection Set: 8,6ms
[2022-11-02T11:32:12.942+0100][gc,phases    ] GC(1)   Post Evacuate Collection Set: 0,4ms
[2022-11-02T11:32:12.942+0100][gc,phases    ] GC(1)   Other: 0,3ms
[2022-11-02T11:32:12.942+0100][gc,heap      ] GC(1) Eden regions: 27->0(49)
[2022-11-02T11:32:12.942+0100][gc,heap      ] GC(1) Survivor regions: 7->2(7)
[2022-11-02T11:32:12.942+0100][gc,heap      ] GC(1) Old regions: 2->9
[2022-11-02T11:32:12.942+0100][gc,heap      ] GC(1) Humongous regions: 0->0
[2022-11-02T11:32:12.942+0100][gc,metaspace ] GC(1) Metaspace: 20492K->20492K(1067008K)
[2022-11-02T11:32:12.942+0100][gc           ] GC(1) Pause Young (Concurrent Start) (Metadata GC Threshold) 33M->8M(1024M) 9,430ms
[2022-11-02T11:32:12.942+0100][gc,cpu       ] GC(1) User=0,05s Sys=0,01s Real=0,01s
[2022-11-02T11:32:12.942+0100][gc           ] GC(2) Concurrent Cycle
[2022-11-02T11:32:12.942+0100][gc,marking   ] GC(2) Concurrent Clear Claimed Marks
[2022-11-02T11:32:12.942+0100][gc,marking   ] GC(2) Concurrent Clear Claimed Marks 0,043ms
[2022-11-02T11:32:12.942+0100][gc,marking   ] GC(2) Concurrent Scan Root Regions
[2022-11-02T11:32:12.943+0100][gc,marking   ] GC(2) Concurrent Scan Root Regions 0,932ms
[2022-11-02T11:32:12.943+0100][gc,marking   ] GC(2) Concurrent Mark (1,414s)
[2022-11-02T11:32:12.943+0100][gc,marking   ] GC(2) Concurrent Mark From Roots
[2022-11-02T11:32:12.943+0100][gc,task      ] GC(2) Using 2 workers of 2 for marking
[2022-11-02T11:32:12.948+0100][gc,marking   ] GC(2) Concurrent Mark From Roots 4,686ms
[2022-11-02T11:32:12.948+0100][gc,marking   ] GC(2) Concurrent Preclean
[2022-11-02T11:32:12.948+0100][gc,marking   ] GC(2) Concurrent Preclean 0,157ms
[2022-11-02T11:32:12.948+0100][gc,marking   ] GC(2) Concurrent Mark (1,414s, 1,419s) 4,905ms
[2022-11-02T11:32:12.948+0100][gc,start     ] GC(2) Pause Remark
[2022-11-02T11:32:12.951+0100][gc,stringtable] GC(2) Cleaned string and symbol table, strings: 5174 processed, 0 removed, symbols: 51844 processed, 59 removed
[2022-11-02T11:32:12.951+0100][gc            ] GC(2) Pause Remark 8M->8M(1024M) 2,765ms
[2022-11-02T11:32:12.951+0100][gc,cpu        ] GC(2) User=0,02s Sys=0,00s Real=0,00s
[2022-11-02T11:32:12.951+0100][gc,marking    ] GC(2) Concurrent Rebuild Remembered Sets
[2022-11-02T11:32:12.956+0100][gc,marking    ] GC(2) Concurrent Rebuild Remembered Sets 4,310ms
[2022-11-02T11:32:12.956+0100][gc,start      ] GC(2) Pause Cleanup
[2022-11-02T11:32:12.956+0100][gc            ] GC(2) Pause Cleanup 9M->9M(1024M) 0,377ms
[2022-11-02T11:32:12.956+0100][gc,cpu        ] GC(2) User=0,00s Sys=0,00s Real=0,00s
[2022-11-02T11:32:12.956+0100][gc,marking    ] GC(2) Concurrent Cleanup for Next Mark
[2022-11-02T11:32:12.962+0100][gc,marking    ] GC(2) Concurrent Cleanup for Next Mark 5,397ms
[2022-11-02T11:32:12.962+0100][gc            ] GC(2) Concurrent Cycle 19,678ms
[2022-11-02T11:32:15.212+0100][gc,start      ] GC(3) Pause Young (Normal) (G1 Evacuation Pause)
[2022-11-02T11:32:15.212+0100][gc,task       ] GC(3) Using 8 workers of 8 for evacuation
[2022-11-02T11:32:15.215+0100][gc,phases     ] GC(3)   Pre Evacuate Collection Set: 0,0ms
[2022-11-02T11:32:15.215+0100][gc,phases     ] GC(3)   Evacuate Collection Set: 2,1ms
[2022-11-02T11:32:15.215+0100][gc,phases     ] GC(3)   Post Evacuate Collection Set: 0,3ms
[2022-11-02T11:32:15.215+0100][gc,phases     ] GC(3)   Other: 0,1ms
[2022-11-02T11:32:15.215+0100][gc,heap       ] GC(3) Eden regions: 49->0(47)
[2022-11-02T11:32:15.215+0100][gc,heap       ] GC(3) Survivor regions: 2->4(7)
[2022-11-02T11:32:15.215+0100][gc,heap       ] GC(3) Old regions: 9->9
[2022-11-02T11:32:15.215+0100][gc,heap       ] GC(3) Humongous regions: 129->129
[2022-11-02T11:32:15.215+0100][gc,metaspace  ] GC(3) Metaspace: 28541K->28541K(1075200K)
[2022-11-02T11:32:15.215+0100][gc            ] GC(3) Pause Young (Normal) (G1 Evacuation Pause) 186M->139M(1024M) 2,758ms
[2022-11-02T11:32:15.215+0100][gc,cpu        ] GC(3) User=0,02s Sys=0,00s Real=0,01s
[2022-11-02T11:32:15.620+0100][gc,start      ] GC(4) Pause Young (Concurrent Start) (Metadata GC Threshold)
[2022-11-02T11:32:15.620+0100][gc,task       ] GC(4) Using 8 workers of 8 for evacuation
[2022-11-02T11:32:15.626+0100][gc,phases     ] GC(4)   Pre Evacuate Collection Set: 0,1ms
[2022-11-02T11:32:15.626+0100][gc,phases     ] GC(4)   Evacuate Collection Set: 4,9ms
[2022-11-02T11:32:15.626+0100][gc,phases     ] GC(4)   Post Evacuate Collection Set: 0,4ms
[2022-11-02T11:32:15.626+0100][gc,phases     ] GC(4)   Other: 0,2ms
[2022-11-02T11:32:15.626+0100][gc,heap       ] GC(4) Eden regions: 37->0(44)
[2022-11-02T11:32:15.626+0100][gc,heap       ] GC(4) Survivor regions: 4->7(7)
[2022-11-02T11:32:15.626+0100][gc,heap       ] GC(4) Old regions: 9->9
[2022-11-02T11:32:15.626+0100][gc,heap       ] GC(4) Humongous regions: 129->129
[2022-11-02T11:32:15.626+0100][gc,metaspace  ] GC(4) Metaspace: 34403K->34403K(1081344K)
[2022-11-02T11:32:15.626+0100][gc            ] GC(4) Pause Young (Concurrent Start) (Metadata GC Threshold) 176M->142M(1024M) 5,843ms
[2022-11-02T11:32:15.626+0100][gc,cpu        ] GC(4) User=0,04s Sys=0,00s Real=0,01s
[2022-11-02T11:32:15.626+0100][gc            ] GC(5) Concurrent Cycle
[2022-11-02T11:32:15.626+0100][gc,marking    ] GC(5) Concurrent Clear Claimed Marks
[2022-11-02T11:32:15.626+0100][gc,marking    ] GC(5) Concurrent Clear Claimed Marks 0,093ms
[2022-11-02T11:32:15.626+0100][gc,marking    ] GC(5) Concurrent Scan Root Regions
[2022-11-02T11:32:15.629+0100][gc,marking    ] GC(5) Concurrent Scan Root Regions 2,770ms
[2022-11-02T11:32:15.629+0100][gc,marking    ] GC(5) Concurrent Mark (4,100s)
[2022-11-02T11:32:15.629+0100][gc,marking    ] GC(5) Concurrent Mark From Roots
[2022-11-02T11:32:15.629+0100][gc,task       ] GC(5) Using 2 workers of 2 for marking
[2022-11-02T11:32:15.640+0100][gc,marking    ] GC(5) Concurrent Mark From Roots 11,674ms
[2022-11-02T11:32:15.640+0100][gc,marking    ] GC(5) Concurrent Preclean
[2022-11-02T11:32:15.641+0100][gc,marking    ] GC(5) Concurrent Preclean 0,178ms
[2022-11-02T11:32:15.641+0100][gc,marking    ] GC(5) Concurrent Mark (4,100s, 4,112s) 11,943ms
[2022-11-02T11:32:15.641+0100][gc,start      ] GC(5) Pause Remark
[2022-11-02T11:32:15.645+0100][gc,stringtable] GC(5) Cleaned string and symbol table, strings: 10802 processed, 11 removed, symbols: 82289 processed, 16 removed
[2022-11-02T11:32:15.645+0100][gc            ] GC(5) Pause Remark 144M->144M(1024M) 3,448ms
[2022-11-02T11:32:15.645+0100][gc,cpu        ] GC(5) User=0,02s Sys=0,00s Real=0,00s
[2022-11-02T11:32:15.645+0100][gc,marking    ] GC(5) Concurrent Rebuild Remembered Sets
[2022-11-02T11:32:15.650+0100][gc,marking    ] GC(5) Concurrent Rebuild Remembered Sets 4,658ms
[2022-11-02T11:32:15.650+0100][gc,start      ] GC(5) Pause Cleanup
[2022-11-02T11:32:15.650+0100][gc            ] GC(5) Pause Cleanup 145M->145M(1024M) 0,248ms
[2022-11-02T11:32:15.650+0100][gc,cpu        ] GC(5) User=0,00s Sys=0,00s Real=0,00s
[2022-11-02T11:32:15.650+0100][gc,marking    ] GC(5) Concurrent Cleanup for Next Mark
[2022-11-02T11:32:15.658+0100][gc,marking    ] GC(5) Concurrent Cleanup for Next Mark 7,750ms
[2022-11-02T11:32:15.658+0100][gc            ] GC(5) Concurrent Cycle 32,235ms
[2022-11-02T11:35:00.200+0100][gc,start      ] GC(6) Pause Young (Normal) (G1 Evacuation Pause)
[2022-11-02T11:35:00.200+0100][gc,task       ] GC(6) Using 8 workers of 8 for evacuation
[2022-11-02T11:35:00.231+0100][gc,mmu        ] GC(6) MMU target violated: 21,0ms (20,0ms/21,0ms)
[2022-11-02T11:35:00.231+0100][gc,phases     ] GC(6)   Pre Evacuate Collection Set: 0,0ms
[2022-11-02T11:35:00.231+0100][gc,phases     ] GC(6)   Evacuate Collection Set: 29,1ms
[2022-11-02T11:35:00.231+0100][gc,phases     ] GC(6)   Post Evacuate Collection Set: 1,2ms
[2022-11-02T11:35:00.231+0100][gc,phases     ] GC(6)   Other: 0,6ms
[2022-11-02T11:35:00.231+0100][gc,heap       ] GC(6) Eden regions: 44->0(45)
[2022-11-02T11:35:00.231+0100][gc,heap       ] GC(6) Survivor regions: 7->6(7)
[2022-11-02T11:35:00.231+0100][gc,heap       ] GC(6) Old regions: 9->12
[2022-11-02T11:35:00.231+0100][gc,heap       ] GC(6) Humongous regions: 135->129
[2022-11-02T11:35:00.231+0100][gc,metaspace  ] GC(6) Metaspace: 41159K->41159K(1085440K)
[2022-11-02T11:35:00.231+0100][gc            ] GC(6) Pause Young (Normal) (G1 Evacuation Pause) 192M->144M(1024M) 31,149ms
[2022-11-02T11:35:00.232+0100][gc,cpu        ] GC(6) User=0,20s Sys=0,02s Real=0,03s
[2022-11-02T12:08:30.420+0100][gc,start      ] GC(7) Pause Young (Normal) (G1 Evacuation Pause)
[2022-11-02T12:08:30.420+0100][gc,task       ] GC(7) Using 8 workers of 8 for evacuation
[2022-11-02T12:08:30.431+0100][gc,phases     ] GC(7)   Pre Evacuate Collection Set: 0,1ms
[2022-11-02T12:08:30.432+0100][gc,phases     ] GC(7)   Evacuate Collection Set: 10,1ms
[2022-11-02T12:08:30.432+0100][gc,phases     ] GC(7)   Post Evacuate Collection Set: 1,2ms
[2022-11-02T12:08:30.434+0100][gc,phases     ] GC(7)   Other: 0,4ms
[2022-11-02T12:08:30.434+0100][gc,heap       ] GC(7) Eden regions: 45->0(48)
[2022-11-02T12:08:30.434+0100][gc,heap       ] GC(7) Survivor regions: 6->3(7)
[2022-11-02T12:08:30.434+0100][gc,heap       ] GC(7) Old regions: 12->15
[2022-11-02T12:08:30.434+0100][gc,heap       ] GC(7) Humongous regions: 129->129
[2022-11-02T12:08:30.434+0100][gc,metaspace  ] GC(7) Metaspace: 41568K->41568K(1087488K)
[2022-11-02T12:08:30.434+0100][gc            ] GC(7) Pause Young (Normal) (G1 Evacuation Pause) 189M->144M(1024M) 14,594ms
[2022-11-02T12:08:30.434+0100][gc,cpu        ] GC(7) User=0,09s Sys=0,00s Real=0,02s
[2022-11-02T12:21:44.123+0100][gc,heap,exit  ] Heap
[2022-11-02T12:21:44.123+0100][gc,heap,exit  ]  garbage-first heap   total 1048576K, used 173732K [0x00000000c0000000, 0x0000000100000000)
[2022-11-02T12:21:44.123+0100][gc,heap,exit  ]   region size 1024K, 30 young (30720K), 3 survivors (3072K)
[2022-11-02T12:21:44.123+0100][gc,heap,exit  ]  Metaspace       used 42457K, capacity 44923K, committed 45184K, reserved 1087488K
[2022-11-02T12:21:44.123+0100][gc,heap,exit  ]   class space    used 5815K, capacity 7023K, committed 7040K, reserved 1048576K
