[2022-11-02T11:28:21.735+0100][gc,heap] Heap region size: 1M
[2022-11-02T11:28:21.763+0100][gc     ] Using G1
[2022-11-02T11:28:21.763+0100][gc,heap,coops] Heap address: 0x00000000c0000000, size: 1024 MB, Compressed Oops mode: 32-bit
[2022-11-02T11:28:21.763+0100][gc,cds       ] Mark closed archive regions in map: [0x00000000fff00000, 0x00000000fff6aff8]
[2022-11-02T11:28:21.763+0100][gc,cds       ] Mark open archive regions in map: [0x00000000ffe00000, 0x00000000ffe47ff8]
[2022-11-02T11:28:22.656+0100][gc,start     ] GC(0) Pause Young (Normal) (G1 Evacuation Pause)
[2022-11-02T11:28:22.657+0100][gc,task      ] GC(0) Using 8 workers of 8 for evacuation
[2022-11-02T11:28:22.667+0100][gc,phases    ] GC(0)   Pre Evacuate Collection Set: 0,0ms
[2022-11-02T11:28:22.667+0100][gc,phases    ] GC(0)   Evacuate Collection Set: 9,4ms
[2022-11-02T11:28:22.667+0100][gc,phases    ] GC(0)   Post Evacuate Collection Set: 0,6ms
[2022-11-02T11:28:22.667+0100][gc,phases    ] GC(0)   Other: 0,8ms
[2022-11-02T11:28:22.667+0100][gc,heap      ] GC(0) Eden regions: 51->0(44)
[2022-11-02T11:28:22.667+0100][gc,heap      ] GC(0) Survivor regions: 0->7(7)
[2022-11-02T11:28:22.667+0100][gc,heap      ] GC(0) Old regions: 2->2
[2022-11-02T11:28:22.667+0100][gc,heap      ] GC(0) Humongous regions: 0->0
[2022-11-02T11:28:22.667+0100][gc,metaspace ] GC(0) Metaspace: 14357K->14357K(1062912K)
[2022-11-02T11:28:22.667+0100][gc           ] GC(0) Pause Young (Normal) (G1 Evacuation Pause) 51M->7M(1024M) 10,982ms
[2022-11-02T11:28:22.667+0100][gc,cpu       ] GC(0) User=0,08s Sys=0,00s Real=0,01s
[2022-11-02T11:28:23.169+0100][gc,heap,exit ] Heap
[2022-11-02T11:28:23.170+0100][gc,heap,exit ]  garbage-first heap   total 1048576K, used 29104K [0x00000000c0000000, 0x0000000100000000)
[2022-11-02T11:28:23.170+0100][gc,heap,exit ]   region size 1024K, 29 young (29696K), 7 survivors (7168K)
[2022-11-02T11:28:23.170+0100][gc,heap,exit ]  Metaspace       used 19534K, capacity 20146K, committed 20480K, reserved 1067008K
[2022-11-02T11:28:23.170+0100][gc,heap,exit ]   class space    used 2588K, capacity 2815K, committed 2816K, reserved 1048576K
