[2022-11-02T11:29:10.629+0100][gc,heap] Heap region size: 1M
[2022-11-02T11:29:10.644+0100][gc     ] Using G1
[2022-11-02T11:29:10.644+0100][gc,heap,coops] Heap address: 0x00000000c0000000, size: 1024 MB, Compressed Oops mode: 32-bit
[2022-11-02T11:29:10.644+0100][gc,cds       ] Mark closed archive regions in map: [0x00000000fff00000, 0x00000000fff6aff8]
[2022-11-02T11:29:10.644+0100][gc,cds       ] Mark open archive regions in map: [0x00000000ffe00000, 0x00000000ffe47ff8]
[2022-11-02T11:29:11.567+0100][gc,start     ] GC(0) Pause Young (Normal) (G1 Evacuation Pause)
[2022-11-02T11:29:11.568+0100][gc,task      ] GC(0) Using 8 workers of 8 for evacuation
[2022-11-02T11:29:11.577+0100][gc,phases    ] GC(0)   Pre Evacuate Collection Set: 0,0ms
[2022-11-02T11:29:11.577+0100][gc,phases    ] GC(0)   Evacuate Collection Set: 8,1ms
[2022-11-02T11:29:11.577+0100][gc,phases    ] GC(0)   Post Evacuate Collection Set: 0,5ms
[2022-11-02T11:29:11.577+0100][gc,phases    ] GC(0)   Other: 1,2ms
[2022-11-02T11:29:11.577+0100][gc,heap      ] GC(0) Eden regions: 51->0(44)
[2022-11-02T11:29:11.577+0100][gc,heap      ] GC(0) Survivor regions: 0->7(7)
[2022-11-02T11:29:11.577+0100][gc,heap      ] GC(0) Old regions: 2->2
[2022-11-02T11:29:11.577+0100][gc,heap      ] GC(0) Humongous regions: 0->0
[2022-11-02T11:29:11.577+0100][gc,metaspace ] GC(0) Metaspace: 14362K->14362K(1062912K)
[2022-11-02T11:29:11.577+0100][gc           ] GC(0) Pause Young (Normal) (G1 Evacuation Pause) 51M->7M(1024M) 9,889ms
[2022-11-02T11:29:11.577+0100][gc,cpu       ] GC(0) User=0,05s Sys=0,02s Real=0,01s
[2022-11-02T11:29:12.059+0100][gc,start     ] GC(1) Pause Young (Concurrent Start) (Metadata GC Threshold)
[2022-11-02T11:29:12.059+0100][gc,task      ] GC(1) Using 8 workers of 8 for evacuation
[2022-11-02T11:29:12.069+0100][gc,phases    ] GC(1)   Pre Evacuate Collection Set: 0,1ms
[2022-11-02T11:29:12.069+0100][gc,phases    ] GC(1)   Evacuate Collection Set: 9,2ms
[2022-11-02T11:29:12.069+0100][gc,phases    ] GC(1)   Post Evacuate Collection Set: 0,5ms
[2022-11-02T11:29:12.069+0100][gc,phases    ] GC(1)   Other: 0,3ms
[2022-11-02T11:29:12.069+0100][gc,heap      ] GC(1) Eden regions: 27->0(49)
[2022-11-02T11:29:12.069+0100][gc,heap      ] GC(1) Survivor regions: 7->2(7)
[2022-11-02T11:29:12.069+0100][gc,heap      ] GC(1) Old regions: 2->9
[2022-11-02T11:29:12.069+0100][gc,heap      ] GC(1) Humongous regions: 0->0
[2022-11-02T11:29:12.069+0100][gc,metaspace ] GC(1) Metaspace: 20539K->20539K(1067008K)
[2022-11-02T11:29:12.069+0100][gc           ] GC(1) Pause Young (Concurrent Start) (Metadata GC Threshold) 33M->8M(1024M) 10,150ms
[2022-11-02T11:29:12.069+0100][gc,cpu       ] GC(1) User=0,05s Sys=0,00s Real=0,01s
[2022-11-02T11:29:12.069+0100][gc           ] GC(2) Concurrent Cycle
[2022-11-02T11:29:12.070+0100][gc,marking   ] GC(2) Concurrent Clear Claimed Marks
[2022-11-02T11:29:12.070+0100][gc,marking   ] GC(2) Concurrent Clear Claimed Marks 0,032ms
[2022-11-02T11:29:12.070+0100][gc,marking   ] GC(2) Concurrent Scan Root Regions
[2022-11-02T11:29:12.071+0100][gc,marking   ] GC(2) Concurrent Scan Root Regions 1,303ms
[2022-11-02T11:29:12.071+0100][gc,marking   ] GC(2) Concurrent Mark (1,464s)
[2022-11-02T11:29:12.071+0100][gc,marking   ] GC(2) Concurrent Mark From Roots
[2022-11-02T11:29:12.071+0100][gc,task      ] GC(2) Using 2 workers of 2 for marking
[2022-11-02T11:29:12.079+0100][gc,marking   ] GC(2) Concurrent Mark From Roots 8,217ms
[2022-11-02T11:29:12.079+0100][gc,marking   ] GC(2) Concurrent Preclean
[2022-11-02T11:29:12.079+0100][gc,marking   ] GC(2) Concurrent Preclean 0,154ms
[2022-11-02T11:29:12.079+0100][gc,marking   ] GC(2) Concurrent Mark (1,464s, 1,472s) 8,430ms
[2022-11-02T11:29:12.079+0100][gc,start     ] GC(2) Pause Remark
[2022-11-02T11:29:12.081+0100][gc,stringtable] GC(2) Cleaned string and symbol table, strings: 5209 processed, 0 removed, symbols: 51974 processed, 59 removed
[2022-11-02T11:29:12.081+0100][gc            ] GC(2) Pause Remark 10M->10M(1024M) 2,055ms
[2022-11-02T11:29:12.082+0100][gc,cpu        ] GC(2) User=0,01s Sys=0,01s Real=0,00s
[2022-11-02T11:29:12.082+0100][gc,marking    ] GC(2) Concurrent Rebuild Remembered Sets
[2022-11-02T11:29:12.085+0100][gc,marking    ] GC(2) Concurrent Rebuild Remembered Sets 3,919ms
[2022-11-02T11:29:12.086+0100][gc,start      ] GC(2) Pause Cleanup
[2022-11-02T11:29:12.086+0100][gc            ] GC(2) Pause Cleanup 10M->10M(1024M) 0,261ms
[2022-11-02T11:29:12.086+0100][gc,cpu        ] GC(2) User=0,00s Sys=0,00s Real=0,00s
[2022-11-02T11:29:12.086+0100][gc,marking    ] GC(2) Concurrent Cleanup for Next Mark
[2022-11-02T11:29:12.092+0100][gc,marking    ] GC(2) Concurrent Cleanup for Next Mark 5,651ms
[2022-11-02T11:29:12.092+0100][gc            ] GC(2) Concurrent Cycle 22,298ms
[2022-11-02T11:29:12.733+0100][gc,start      ] GC(3) Pause Young (Normal) (G1 Evacuation Pause)
[2022-11-02T11:29:12.733+0100][gc,task       ] GC(3) Using 8 workers of 8 for evacuation
[2022-11-02T11:29:12.740+0100][gc,phases     ] GC(3)   Pre Evacuate Collection Set: 0,0ms
[2022-11-02T11:29:12.740+0100][gc,phases     ] GC(3)   Evacuate Collection Set: 6,8ms
[2022-11-02T11:29:12.740+0100][gc,phases     ] GC(3)   Post Evacuate Collection Set: 0,4ms
[2022-11-02T11:29:12.740+0100][gc,phases     ] GC(3)   Other: 0,2ms
[2022-11-02T11:29:12.740+0100][gc,heap       ] GC(3) Eden regions: 49->0(47)
[2022-11-02T11:29:12.740+0100][gc,heap       ] GC(3) Survivor regions: 2->4(7)
[2022-11-02T11:29:12.740+0100][gc,heap       ] GC(3) Old regions: 9->9
[2022-11-02T11:29:12.740+0100][gc,heap       ] GC(3) Humongous regions: 129->129
[2022-11-02T11:29:12.740+0100][gc,metaspace  ] GC(3) Metaspace: 28665K->28665K(1075200K)
[2022-11-02T11:29:12.740+0100][gc            ] GC(3) Pause Young (Normal) (G1 Evacuation Pause) 186M->140M(1024M) 7,547ms
[2022-11-02T11:29:12.740+0100][gc,cpu        ] GC(3) User=0,05s Sys=0,00s Real=0,01s
[2022-11-02T11:29:13.076+0100][gc,start      ] GC(4) Pause Young (Concurrent Start) (Metadata GC Threshold)
[2022-11-02T11:29:13.076+0100][gc,task       ] GC(4) Using 8 workers of 8 for evacuation
[2022-11-02T11:29:13.087+0100][gc,phases     ] GC(4)   Pre Evacuate Collection Set: 0,1ms
[2022-11-02T11:29:13.087+0100][gc,phases     ] GC(4)   Evacuate Collection Set: 10,2ms
[2022-11-02T11:29:13.087+0100][gc,phases     ] GC(4)   Post Evacuate Collection Set: 0,5ms
[2022-11-02T11:29:13.087+0100][gc,phases     ] GC(4)   Other: 0,3ms
[2022-11-02T11:29:13.087+0100][gc,heap       ] GC(4) Eden regions: 31->0(45)
[2022-11-02T11:29:13.087+0100][gc,heap       ] GC(4) Survivor regions: 4->6(7)
[2022-11-02T11:29:13.087+0100][gc,heap       ] GC(4) Old regions: 9->10
[2022-11-02T11:29:13.087+0100][gc,heap       ] GC(4) Humongous regions: 129->129
[2022-11-02T11:29:13.087+0100][gc,metaspace  ] GC(4) Metaspace: 34421K->34421K(1081344K)
[2022-11-02T11:29:13.087+0100][gc            ] GC(4) Pause Young (Concurrent Start) (Metadata GC Threshold) 170M->142M(1024M) 11,248ms
[2022-11-02T11:29:13.087+0100][gc,cpu        ] GC(4) User=0,06s Sys=0,01s Real=0,01s
[2022-11-02T11:29:13.087+0100][gc            ] GC(5) Concurrent Cycle
[2022-11-02T11:29:13.087+0100][gc,marking    ] GC(5) Concurrent Clear Claimed Marks
[2022-11-02T11:29:13.087+0100][gc,marking    ] GC(5) Concurrent Clear Claimed Marks 0,081ms
[2022-11-02T11:29:13.087+0100][gc,marking    ] GC(5) Concurrent Scan Root Regions
[2022-11-02T11:29:13.091+0100][gc,marking    ] GC(5) Concurrent Scan Root Regions 3,583ms
[2022-11-02T11:29:13.091+0100][gc,marking    ] GC(5) Concurrent Mark (2,484s)
[2022-11-02T11:29:13.091+0100][gc,marking    ] GC(5) Concurrent Mark From Roots
[2022-11-02T11:29:13.091+0100][gc,task       ] GC(5) Using 2 workers of 2 for marking
[2022-11-02T11:29:13.106+0100][gc,marking    ] GC(5) Concurrent Mark From Roots 14,713ms
[2022-11-02T11:29:13.106+0100][gc,marking    ] GC(5) Concurrent Preclean
[2022-11-02T11:29:13.106+0100][gc,marking    ] GC(5) Concurrent Preclean 0,228ms
[2022-11-02T11:29:13.106+0100][gc,marking    ] GC(5) Concurrent Mark (2,484s, 2,499s) 15,035ms
[2022-11-02T11:29:13.106+0100][gc,start      ] GC(5) Pause Remark
[2022-11-02T11:29:13.110+0100][gc,stringtable] GC(5) Cleaned string and symbol table, strings: 10621 processed, 13 removed, symbols: 84576 processed, 13 removed
[2022-11-02T11:29:13.110+0100][gc            ] GC(5) Pause Remark 146M->146M(1024M) 4,023ms
[2022-11-02T11:29:13.110+0100][gc,cpu        ] GC(5) User=0,02s Sys=0,00s Real=0,00s
[2022-11-02T11:29:13.110+0100][gc,marking    ] GC(5) Concurrent Rebuild Remembered Sets
[2022-11-02T11:29:13.116+0100][gc,marking    ] GC(5) Concurrent Rebuild Remembered Sets 5,199ms
[2022-11-02T11:29:13.116+0100][gc,start      ] GC(5) Pause Cleanup
[2022-11-02T11:29:13.116+0100][gc            ] GC(5) Pause Cleanup 146M->146M(1024M) 0,469ms
[2022-11-02T11:29:13.116+0100][gc,cpu        ] GC(5) User=0,00s Sys=0,00s Real=0,00s
[2022-11-02T11:29:13.116+0100][gc,marking    ] GC(5) Concurrent Cleanup for Next Mark
[2022-11-02T11:29:13.126+0100][gc,marking    ] GC(5) Concurrent Cleanup for Next Mark 10,041ms
[2022-11-02T11:29:13.126+0100][gc            ] GC(5) Concurrent Cycle 39,127ms
[2022-11-02T11:31:37.240+0100][gc,start      ] GC(6) Pause Young (Concurrent Start) (G1 Evacuation Pause)
[2022-11-02T11:31:37.240+0100][gc,task       ] GC(6) Using 8 workers of 8 for evacuation
[2022-11-02T11:31:37.266+0100][gc,mmu        ] GC(6) MMU target violated: 21,0ms (20,0ms/21,0ms)
[2022-11-02T11:31:37.266+0100][gc,phases     ] GC(6)   Pre Evacuate Collection Set: 0,3ms
[2022-11-02T11:31:37.266+0100][gc,phases     ] GC(6)   Evacuate Collection Set: 24,0ms
[2022-11-02T11:31:37.266+0100][gc,phases     ] GC(6)   Post Evacuate Collection Set: 1,0ms
[2022-11-02T11:31:37.266+0100][gc,phases     ] GC(6)   Other: 0,7ms
[2022-11-02T11:31:37.266+0100][gc,heap       ] GC(6) Eden regions: 45->0(46)
[2022-11-02T11:31:37.266+0100][gc,heap       ] GC(6) Survivor regions: 6->5(7)
[2022-11-02T11:31:37.266+0100][gc,heap       ] GC(6) Old regions: 10->13
[2022-11-02T11:31:37.266+0100][gc,heap       ] GC(6) Humongous regions: 129->129
[2022-11-02T11:31:37.266+0100][gc,metaspace  ] GC(6) Metaspace: 40853K->40853K(1085440K)
[2022-11-02T11:31:37.266+0100][gc            ] GC(6) Pause Young (Concurrent Start) (G1 Evacuation Pause) 187M->144M(1024M) 26,265ms
[2022-11-02T11:31:37.266+0100][gc,cpu        ] GC(6) User=0,12s Sys=0,00s Real=0,03s
[2022-11-02T11:31:37.266+0100][gc            ] GC(7) Concurrent Cycle
[2022-11-02T11:31:37.266+0100][gc,marking    ] GC(7) Concurrent Clear Claimed Marks
[2022-11-02T11:31:37.267+0100][gc,marking    ] GC(7) Concurrent Clear Claimed Marks 0,221ms
[2022-11-02T11:31:37.267+0100][gc,marking    ] GC(7) Concurrent Scan Root Regions
[2022-11-02T11:31:37.271+0100][gc,marking    ] GC(7) Concurrent Scan Root Regions 4,003ms
[2022-11-02T11:31:37.271+0100][gc,marking    ] GC(7) Concurrent Mark (146,664s)
[2022-11-02T11:31:37.271+0100][gc,marking    ] GC(7) Concurrent Mark From Roots
[2022-11-02T11:31:37.271+0100][gc,task       ] GC(7) Using 2 workers of 2 for marking
[2022-11-02T11:31:37.282+0100][gc,marking    ] GC(7) Concurrent Mark From Roots 11,566ms
[2022-11-02T11:31:37.282+0100][gc,marking    ] GC(7) Concurrent Preclean
[2022-11-02T11:31:37.283+0100][gc,marking    ] GC(7) Concurrent Preclean 0,181ms
[2022-11-02T11:31:37.283+0100][gc,marking    ] GC(7) Concurrent Mark (146,664s, 146,676s) 11,824ms
[2022-11-02T11:31:37.283+0100][gc,start      ] GC(7) Pause Remark
[2022-11-02T11:31:37.287+0100][gc,stringtable] GC(7) Cleaned string and symbol table, strings: 11887 processed, 3 removed, symbols: 91461 processed, 5 removed
[2022-11-02T11:31:37.288+0100][gc            ] GC(7) Pause Remark 144M->144M(1024M) 5,111ms
[2022-11-02T11:31:37.288+0100][gc,cpu        ] GC(7) User=0,02s Sys=0,00s Real=0,01s
[2022-11-02T11:31:37.288+0100][gc,marking    ] GC(7) Concurrent Rebuild Remembered Sets
[2022-11-02T11:31:37.296+0100][gc,marking    ] GC(7) Concurrent Rebuild Remembered Sets 8,520ms
[2022-11-02T11:31:37.297+0100][gc,start      ] GC(7) Pause Cleanup
[2022-11-02T11:31:37.297+0100][gc            ] GC(7) Pause Cleanup 145M->145M(1024M) 0,450ms
[2022-11-02T11:31:37.297+0100][gc,cpu        ] GC(7) User=0,00s Sys=0,00s Real=0,00s
[2022-11-02T11:31:37.297+0100][gc,marking    ] GC(7) Concurrent Cleanup for Next Mark
[2022-11-02T11:31:37.298+0100][gc,marking    ] GC(7) Concurrent Cleanup for Next Mark 1,107ms
[2022-11-02T11:31:37.298+0100][gc            ] GC(7) Concurrent Cycle 32,046ms
[2022-11-02T11:32:06.958+0100][gc,heap,exit  ] Heap
[2022-11-02T11:32:06.958+0100][gc,heap,exit  ]  garbage-first heap   total 1048576K, used 174728K [0x00000000c0000000, 0x0000000100000000)
[2022-11-02T11:32:06.958+0100][gc,heap,exit  ]   region size 1024K, 32 young (32768K), 5 survivors (5120K)
[2022-11-02T11:32:06.958+0100][gc,heap,exit  ]  Metaspace       used 43828K, capacity 46588K, committed 46720K, reserved 1089536K
[2022-11-02T11:32:06.958+0100][gc,heap,exit  ]   class space    used 6189K, capacity 7548K, committed 7552K, reserved 1048576K
