[2022-11-04T01:53:48.706+0100][gc,heap] Heap region size: 1M
[2022-11-04T01:53:48.717+0100][gc     ] Using G1
[2022-11-04T01:53:48.717+0100][gc,heap,coops] Heap address: 0x00000000c0000000, size: 1024 MB, Compressed Oops mode: 32-bit
[2022-11-04T01:53:48.717+0100][gc,cds       ] Mark closed archive regions in map: [0x00000000fff00000, 0x00000000fff6aff8]
[2022-11-04T01:53:48.717+0100][gc,cds       ] Mark open archive regions in map: [0x00000000ffe00000, 0x00000000ffe47ff8]
[2022-11-04T01:53:49.918+0100][gc,start     ] GC(0) Pause Young (Normal) (G1 Evacuation Pause)
[2022-11-04T01:53:49.919+0100][gc,task      ] GC(0) Using 8 workers of 8 for evacuation
[2022-11-04T01:53:49.928+0100][gc,phases    ] GC(0)   Pre Evacuate Collection Set: 0,0ms
[2022-11-04T01:53:49.928+0100][gc,phases    ] GC(0)   Evacuate Collection Set: 8,3ms
[2022-11-04T01:53:49.928+0100][gc,phases    ] GC(0)   Post Evacuate Collection Set: 0,5ms
[2022-11-04T01:53:49.928+0100][gc,phases    ] GC(0)   Other: 0,9ms
[2022-11-04T01:53:49.928+0100][gc,heap      ] GC(0) Eden regions: 51->0(44)
[2022-11-04T01:53:49.928+0100][gc,heap      ] GC(0) Survivor regions: 0->7(7)
[2022-11-04T01:53:49.928+0100][gc,heap      ] GC(0) Old regions: 2->2
[2022-11-04T01:53:49.928+0100][gc,heap      ] GC(0) Humongous regions: 0->0
[2022-11-04T01:53:49.928+0100][gc,metaspace ] GC(0) Metaspace: 14309K->14309K(1062912K)
[2022-11-04T01:53:49.928+0100][gc           ] GC(0) Pause Young (Normal) (G1 Evacuation Pause) 51M->7M(1024M) 9,774ms
[2022-11-04T01:53:49.928+0100][gc,cpu       ] GC(0) User=0,07s Sys=0,00s Real=0,00s
[2022-11-04T01:53:50.590+0100][gc,start     ] GC(1) Pause Young (Concurrent Start) (Metadata GC Threshold)
[2022-11-04T01:53:50.590+0100][gc,task      ] GC(1) Using 8 workers of 8 for evacuation
[2022-11-04T01:53:50.601+0100][gc,phases    ] GC(1)   Pre Evacuate Collection Set: 0,1ms
[2022-11-04T01:53:50.601+0100][gc,phases    ] GC(1)   Evacuate Collection Set: 9,5ms
[2022-11-04T01:53:50.601+0100][gc,phases    ] GC(1)   Post Evacuate Collection Set: 0,4ms
[2022-11-04T01:53:50.601+0100][gc,phases    ] GC(1)   Other: 0,2ms
[2022-11-04T01:53:50.601+0100][gc,heap      ] GC(1) Eden regions: 27->0(49)
[2022-11-04T01:53:50.601+0100][gc,heap      ] GC(1) Survivor regions: 7->2(7)
[2022-11-04T01:53:50.601+0100][gc,heap      ] GC(1) Old regions: 2->9
[2022-11-04T01:53:50.601+0100][gc,heap      ] GC(1) Humongous regions: 0->0
[2022-11-04T01:53:50.601+0100][gc,metaspace ] GC(1) Metaspace: 20561K->20561K(1067008K)
[2022-11-04T01:53:50.601+0100][gc           ] GC(1) Pause Young (Concurrent Start) (Metadata GC Threshold) 34M->8M(1024M) 10,411ms
[2022-11-04T01:53:50.601+0100][gc,cpu       ] GC(1) User=0,04s Sys=0,01s Real=0,01s
[2022-11-04T01:53:50.601+0100][gc           ] GC(2) Concurrent Cycle
[2022-11-04T01:53:50.601+0100][gc,marking   ] GC(2) Concurrent Clear Claimed Marks
[2022-11-04T01:53:50.601+0100][gc,marking   ] GC(2) Concurrent Clear Claimed Marks 0,035ms
[2022-11-04T01:53:50.601+0100][gc,marking   ] GC(2) Concurrent Scan Root Regions
[2022-11-04T01:53:50.602+0100][gc,marking   ] GC(2) Concurrent Scan Root Regions 1,247ms
[2022-11-04T01:53:50.602+0100][gc,marking   ] GC(2) Concurrent Mark (1,901s)
[2022-11-04T01:53:50.602+0100][gc,marking   ] GC(2) Concurrent Mark From Roots
[2022-11-04T01:53:50.602+0100][gc,task      ] GC(2) Using 2 workers of 2 for marking
[2022-11-04T01:53:50.608+0100][gc,marking   ] GC(2) Concurrent Mark From Roots 5,975ms
[2022-11-04T01:53:50.608+0100][gc,marking   ] GC(2) Concurrent Preclean
[2022-11-04T01:53:50.608+0100][gc,marking   ] GC(2) Concurrent Preclean 0,158ms
[2022-11-04T01:53:50.608+0100][gc,marking   ] GC(2) Concurrent Mark (1,901s, 1,907s) 6,194ms
[2022-11-04T01:53:50.609+0100][gc,start     ] GC(2) Pause Remark
[2022-11-04T01:53:50.611+0100][gc,stringtable] GC(2) Cleaned string and symbol table, strings: 5256 processed, 0 removed, symbols: 52098 processed, 60 removed
[2022-11-04T01:53:50.612+0100][gc            ] GC(2) Pause Remark 9M->9M(1024M) 2,655ms
[2022-11-04T01:53:50.612+0100][gc,cpu        ] GC(2) User=0,01s Sys=0,00s Real=0,01s
[2022-11-04T01:53:50.612+0100][gc,marking    ] GC(2) Concurrent Rebuild Remembered Sets
[2022-11-04T01:53:50.616+0100][gc,marking    ] GC(2) Concurrent Rebuild Remembered Sets 4,754ms
[2022-11-04T01:53:50.616+0100][gc,start      ] GC(2) Pause Cleanup
[2022-11-04T01:53:50.617+0100][gc            ] GC(2) Pause Cleanup 10M->10M(1024M) 0,396ms
[2022-11-04T01:53:50.617+0100][gc,cpu        ] GC(2) User=0,00s Sys=0,00s Real=0,00s
[2022-11-04T01:53:50.617+0100][gc,marking    ] GC(2) Concurrent Cleanup for Next Mark
[2022-11-04T01:53:50.623+0100][gc,marking    ] GC(2) Concurrent Cleanup for Next Mark 5,637ms
[2022-11-04T01:53:50.623+0100][gc            ] GC(2) Concurrent Cycle 21,784ms
[2022-11-04T01:53:51.285+0100][gc,start      ] GC(3) Pause Young (Normal) (G1 Evacuation Pause)
[2022-11-04T01:53:51.285+0100][gc,task       ] GC(3) Using 8 workers of 8 for evacuation
[2022-11-04T01:53:51.296+0100][gc,phases     ] GC(3)   Pre Evacuate Collection Set: 0,0ms
[2022-11-04T01:53:51.296+0100][gc,phases     ] GC(3)   Evacuate Collection Set: 10,5ms
[2022-11-04T01:53:51.296+0100][gc,phases     ] GC(3)   Post Evacuate Collection Set: 0,4ms
[2022-11-04T01:53:51.296+0100][gc,phases     ] GC(3)   Other: 0,2ms
[2022-11-04T01:53:51.296+0100][gc,heap       ] GC(3) Eden regions: 49->0(46)
[2022-11-04T01:53:51.296+0100][gc,heap       ] GC(3) Survivor regions: 2->5(7)
[2022-11-04T01:53:51.296+0100][gc,heap       ] GC(3) Old regions: 9->9
[2022-11-04T01:53:51.296+0100][gc,heap       ] GC(3) Humongous regions: 129->129
[2022-11-04T01:53:51.296+0100][gc,metaspace  ] GC(3) Metaspace: 28614K->28614K(1075200K)
[2022-11-04T01:53:51.296+0100][gc            ] GC(3) Pause Young (Normal) (G1 Evacuation Pause) 186M->140M(1024M) 11,319ms
[2022-11-04T01:53:51.296+0100][gc,cpu        ] GC(3) User=0,06s Sys=0,01s Real=0,01s
[2022-11-04T01:53:51.682+0100][gc,start      ] GC(4) Pause Young (Concurrent Start) (Metadata GC Threshold)
[2022-11-04T01:53:51.682+0100][gc,task       ] GC(4) Using 8 workers of 8 for evacuation
[2022-11-04T01:53:51.690+0100][gc,phases     ] GC(4)   Pre Evacuate Collection Set: 0,1ms
[2022-11-04T01:53:51.690+0100][gc,phases     ] GC(4)   Evacuate Collection Set: 6,5ms
[2022-11-04T01:53:51.690+0100][gc,phases     ] GC(4)   Post Evacuate Collection Set: 0,4ms
[2022-11-04T01:53:51.690+0100][gc,phases     ] GC(4)   Other: 0,3ms
[2022-11-04T01:53:51.690+0100][gc,heap       ] GC(4) Eden regions: 31->0(45)
[2022-11-04T01:53:51.690+0100][gc,heap       ] GC(4) Survivor regions: 5->6(7)
[2022-11-04T01:53:51.690+0100][gc,heap       ] GC(4) Old regions: 9->10
[2022-11-04T01:53:51.690+0100][gc,heap       ] GC(4) Humongous regions: 129->129
[2022-11-04T01:53:51.690+0100][gc,metaspace  ] GC(4) Metaspace: 34479K->34479K(1081344K)
[2022-11-04T01:53:51.690+0100][gc            ] GC(4) Pause Young (Concurrent Start) (Metadata GC Threshold) 170M->142M(1024M) 7,412ms
[2022-11-04T01:53:51.690+0100][gc,cpu        ] GC(4) User=0,03s Sys=0,01s Real=0,01s
[2022-11-04T01:53:51.690+0100][gc            ] GC(5) Concurrent Cycle
[2022-11-04T01:53:51.690+0100][gc,marking    ] GC(5) Concurrent Clear Claimed Marks
[2022-11-04T01:53:51.690+0100][gc,marking    ] GC(5) Concurrent Clear Claimed Marks 0,091ms
[2022-11-04T01:53:51.690+0100][gc,marking    ] GC(5) Concurrent Scan Root Regions
[2022-11-04T01:53:51.693+0100][gc,marking    ] GC(5) Concurrent Scan Root Regions 3,421ms
[2022-11-04T01:53:51.694+0100][gc,marking    ] GC(5) Concurrent Mark (2,992s)
[2022-11-04T01:53:51.694+0100][gc,marking    ] GC(5) Concurrent Mark From Roots
[2022-11-04T01:53:51.694+0100][gc,task       ] GC(5) Using 2 workers of 2 for marking
[2022-11-04T01:53:51.709+0100][gc,marking    ] GC(5) Concurrent Mark From Roots 15,089ms
[2022-11-04T01:53:51.709+0100][gc,marking    ] GC(5) Concurrent Preclean
[2022-11-04T01:53:51.709+0100][gc,marking    ] GC(5) Concurrent Preclean 0,188ms
[2022-11-04T01:53:51.709+0100][gc,marking    ] GC(5) Concurrent Mark (2,992s, 3,007s) 15,360ms
[2022-11-04T01:53:51.710+0100][gc,start      ] GC(5) Pause Remark
[2022-11-04T01:53:51.716+0100][gc,stringtable] GC(5) Cleaned string and symbol table, strings: 10644 processed, 13 removed, symbols: 84231 processed, 14 removed
[2022-11-04T01:53:51.716+0100][gc            ] GC(5) Pause Remark 145M->145M(1024M) 6,250ms
[2022-11-04T01:53:51.717+0100][gc,cpu        ] GC(5) User=0,03s Sys=0,00s Real=0,00s
[2022-11-04T01:53:51.717+0100][gc,marking    ] GC(5) Concurrent Rebuild Remembered Sets
[2022-11-04T01:53:51.723+0100][gc,marking    ] GC(5) Concurrent Rebuild Remembered Sets 6,764ms
[2022-11-04T01:53:51.724+0100][gc,start      ] GC(5) Pause Cleanup
[2022-11-04T01:53:51.724+0100][gc            ] GC(5) Pause Cleanup 145M->145M(1024M) 0,330ms
[2022-11-04T01:53:51.724+0100][gc,cpu        ] GC(5) User=0,00s Sys=0,00s Real=0,00s
[2022-11-04T01:53:51.724+0100][gc,marking    ] GC(5) Concurrent Cleanup for Next Mark
[2022-11-04T01:53:51.733+0100][gc,marking    ] GC(5) Concurrent Cleanup for Next Mark 8,657ms
[2022-11-04T01:53:51.733+0100][gc            ] GC(5) Concurrent Cycle 42,921ms
[2022-11-04T01:53:51.733+0100][gc,heap,exit  ] Heap
[2022-11-04T01:53:51.733+0100][gc,heap,exit  ]  garbage-first heap   total 1048576K, used 150780K [0x00000000c0000000, 0x0000000100000000)
[2022-11-04T01:53:51.733+0100][gc,heap,exit  ]   region size 1024K, 12 young (12288K), 6 survivors (6144K)
[2022-11-04T01:53:51.733+0100][gc,heap,exit  ]  Metaspace       used 35032K, capacity 36408K, committed 36556K, reserved 1081344K
[2022-11-04T01:53:51.733+0100][gc,heap,exit  ]   class space    used 4475K, capacity 5091K, committed 5196K, reserved 1048576K
