[2022-11-04T02:31:43.262+0100][gc,heap] Heap region size: 1M
[2022-11-04T02:31:43.276+0100][gc     ] Using G1
[2022-11-04T02:31:43.276+0100][gc,heap,coops] Heap address: 0x00000000c0000000, size: 1024 MB, Compressed Oops mode: 32-bit
[2022-11-04T02:31:43.276+0100][gc,cds       ] Mark closed archive regions in map: [0x00000000fff00000, 0x00000000fff6aff8]
[2022-11-04T02:31:43.276+0100][gc,cds       ] Mark open archive regions in map: [0x00000000ffe00000, 0x00000000ffe47ff8]
[2022-11-04T02:31:44.246+0100][gc,start     ] GC(0) Pause Young (Normal) (G1 Evacuation Pause)
[2022-11-04T02:31:44.247+0100][gc,task      ] GC(0) Using 8 workers of 8 for evacuation
[2022-11-04T02:31:44.256+0100][gc,phases    ] GC(0)   Pre Evacuate Collection Set: 0,0ms
[2022-11-04T02:31:44.256+0100][gc,phases    ] GC(0)   Evacuate Collection Set: 8,5ms
[2022-11-04T02:31:44.256+0100][gc,phases    ] GC(0)   Post Evacuate Collection Set: 0,5ms
[2022-11-04T02:31:44.256+0100][gc,phases    ] GC(0)   Other: 0,9ms
[2022-11-04T02:31:44.256+0100][gc,heap      ] GC(0) Eden regions: 51->0(44)
[2022-11-04T02:31:44.256+0100][gc,heap      ] GC(0) Survivor regions: 0->7(7)
[2022-11-04T02:31:44.256+0100][gc,heap      ] GC(0) Old regions: 2->2
[2022-11-04T02:31:44.256+0100][gc,heap      ] GC(0) Humongous regions: 0->0
[2022-11-04T02:31:44.256+0100][gc,metaspace ] GC(0) Metaspace: 14302K->14302K(1062912K)
[2022-11-04T02:31:44.256+0100][gc           ] GC(0) Pause Young (Normal) (G1 Evacuation Pause) 51M->7M(1024M) 10,024ms
[2022-11-04T02:31:44.256+0100][gc,cpu       ] GC(0) User=0,06s Sys=0,00s Real=0,01s
[2022-11-04T02:31:44.803+0100][gc,start     ] GC(1) Pause Young (Concurrent Start) (Metadata GC Threshold)
[2022-11-04T02:31:44.803+0100][gc,task      ] GC(1) Using 8 workers of 8 for evacuation
[2022-11-04T02:31:44.812+0100][gc,phases    ] GC(1)   Pre Evacuate Collection Set: 0,0ms
[2022-11-04T02:31:44.812+0100][gc,phases    ] GC(1)   Evacuate Collection Set: 7,6ms
[2022-11-04T02:31:44.812+0100][gc,phases    ] GC(1)   Post Evacuate Collection Set: 0,4ms
[2022-11-04T02:31:44.812+0100][gc,phases    ] GC(1)   Other: 0,2ms
[2022-11-04T02:31:44.812+0100][gc,heap      ] GC(1) Eden regions: 27->0(49)
[2022-11-04T02:31:44.812+0100][gc,heap      ] GC(1) Survivor regions: 7->2(7)
[2022-11-04T02:31:44.812+0100][gc,heap      ] GC(1) Old regions: 2->9
[2022-11-04T02:31:44.812+0100][gc,heap      ] GC(1) Humongous regions: 0->0
[2022-11-04T02:31:44.812+0100][gc,metaspace ] GC(1) Metaspace: 20542K->20542K(1067008K)
[2022-11-04T02:31:44.812+0100][gc           ] GC(1) Pause Young (Concurrent Start) (Metadata GC Threshold) 33M->8M(1024M) 8,407ms
[2022-11-04T02:31:44.812+0100][gc,cpu       ] GC(1) User=0,04s Sys=0,00s Real=0,01s
[2022-11-04T02:31:44.812+0100][gc           ] GC(2) Concurrent Cycle
[2022-11-04T02:31:44.812+0100][gc,marking   ] GC(2) Concurrent Clear Claimed Marks
[2022-11-04T02:31:44.812+0100][gc,marking   ] GC(2) Concurrent Clear Claimed Marks 0,071ms
[2022-11-04T02:31:44.812+0100][gc,marking   ] GC(2) Concurrent Scan Root Regions
[2022-11-04T02:31:44.813+0100][gc,marking   ] GC(2) Concurrent Scan Root Regions 1,403ms
[2022-11-04T02:31:44.813+0100][gc,marking   ] GC(2) Concurrent Mark (1,571s)
[2022-11-04T02:31:44.813+0100][gc,marking   ] GC(2) Concurrent Mark From Roots
[2022-11-04T02:31:44.814+0100][gc,task      ] GC(2) Using 2 workers of 2 for marking
[2022-11-04T02:31:44.822+0100][gc,marking   ] GC(2) Concurrent Mark From Roots 8,751ms
[2022-11-04T02:31:44.822+0100][gc,marking   ] GC(2) Concurrent Preclean
[2022-11-04T02:31:44.823+0100][gc,marking   ] GC(2) Concurrent Preclean 0,209ms
[2022-11-04T02:31:44.823+0100][gc,marking   ] GC(2) Concurrent Mark (1,571s, 1,580s) 9,035ms
[2022-11-04T02:31:44.823+0100][gc,start     ] GC(2) Pause Remark
[2022-11-04T02:31:44.825+0100][gc,stringtable] GC(2) Cleaned string and symbol table, strings: 5203 processed, 0 removed, symbols: 51955 processed, 59 removed
[2022-11-04T02:31:44.825+0100][gc            ] GC(2) Pause Remark 10M->10M(1024M) 2,775ms
[2022-11-04T02:31:44.825+0100][gc,cpu        ] GC(2) User=0,01s Sys=0,00s Real=0,00s
[2022-11-04T02:31:44.825+0100][gc,marking    ] GC(2) Concurrent Rebuild Remembered Sets
[2022-11-04T02:31:44.829+0100][gc,marking    ] GC(2) Concurrent Rebuild Remembered Sets 3,526ms
[2022-11-04T02:31:44.829+0100][gc,start      ] GC(2) Pause Cleanup
[2022-11-04T02:31:44.830+0100][gc            ] GC(2) Pause Cleanup 10M->10M(1024M) 0,401ms
[2022-11-04T02:31:44.830+0100][gc,cpu        ] GC(2) User=0,01s Sys=0,00s Real=0,00s
[2022-11-04T02:31:44.830+0100][gc,marking    ] GC(2) Concurrent Cleanup for Next Mark
[2022-11-04T02:31:44.836+0100][gc,marking    ] GC(2) Concurrent Cleanup for Next Mark 5,957ms
[2022-11-04T02:31:44.836+0100][gc            ] GC(2) Concurrent Cycle 23,676ms
[2022-11-04T02:31:47.065+0100][gc,start      ] GC(3) Pause Young (Normal) (G1 Evacuation Pause)
[2022-11-04T02:31:47.065+0100][gc,task       ] GC(3) Using 8 workers of 8 for evacuation
[2022-11-04T02:31:47.068+0100][gc,phases     ] GC(3)   Pre Evacuate Collection Set: 0,0ms
[2022-11-04T02:31:47.068+0100][gc,phases     ] GC(3)   Evacuate Collection Set: 2,4ms
[2022-11-04T02:31:47.068+0100][gc,phases     ] GC(3)   Post Evacuate Collection Set: 0,4ms
[2022-11-04T02:31:47.068+0100][gc,phases     ] GC(3)   Other: 0,1ms
[2022-11-04T02:31:47.068+0100][gc,heap       ] GC(3) Eden regions: 49->0(47)
[2022-11-04T02:31:47.068+0100][gc,heap       ] GC(3) Survivor regions: 2->4(7)
[2022-11-04T02:31:47.068+0100][gc,heap       ] GC(3) Old regions: 9->9
[2022-11-04T02:31:47.068+0100][gc,heap       ] GC(3) Humongous regions: 129->129
[2022-11-04T02:31:47.068+0100][gc,metaspace  ] GC(3) Metaspace: 28618K->28618K(1075200K)
[2022-11-04T02:31:47.068+0100][gc            ] GC(3) Pause Young (Normal) (G1 Evacuation Pause) 186M->139M(1024M) 3,192ms
[2022-11-04T02:31:47.068+0100][gc,cpu        ] GC(3) User=0,02s Sys=0,00s Real=0,00s
[2022-11-04T02:31:47.516+0100][gc,start      ] GC(4) Pause Young (Concurrent Start) (Metadata GC Threshold)
[2022-11-04T02:31:47.516+0100][gc,task       ] GC(4) Using 8 workers of 8 for evacuation
[2022-11-04T02:31:47.525+0100][gc,phases     ] GC(4)   Pre Evacuate Collection Set: 0,1ms
[2022-11-04T02:31:47.525+0100][gc,phases     ] GC(4)   Evacuate Collection Set: 8,6ms
[2022-11-04T02:31:47.525+0100][gc,phases     ] GC(4)   Post Evacuate Collection Set: 0,4ms
[2022-11-04T02:31:47.525+0100][gc,phases     ] GC(4)   Other: 0,3ms
[2022-11-04T02:31:47.525+0100][gc,heap       ] GC(4) Eden regions: 37->0(44)
[2022-11-04T02:31:47.525+0100][gc,heap       ] GC(4) Survivor regions: 4->7(7)
[2022-11-04T02:31:47.525+0100][gc,heap       ] GC(4) Old regions: 9->9
[2022-11-04T02:31:47.525+0100][gc,heap       ] GC(4) Humongous regions: 129->129
[2022-11-04T02:31:47.525+0100][gc,metaspace  ] GC(4) Metaspace: 34424K->34424K(1081344K)
[2022-11-04T02:31:47.525+0100][gc            ] GC(4) Pause Young (Concurrent Start) (Metadata GC Threshold) 176M->142M(1024M) 9,494ms
[2022-11-04T02:31:47.525+0100][gc,cpu        ] GC(4) User=0,07s Sys=0,00s Real=0,01s
[2022-11-04T02:31:47.525+0100][gc            ] GC(5) Concurrent Cycle
[2022-11-04T02:31:47.525+0100][gc,marking    ] GC(5) Concurrent Clear Claimed Marks
[2022-11-04T02:31:47.526+0100][gc,marking    ] GC(5) Concurrent Clear Claimed Marks 0,163ms
[2022-11-04T02:31:47.526+0100][gc,marking    ] GC(5) Concurrent Scan Root Regions
[2022-11-04T02:31:47.530+0100][gc,marking    ] GC(5) Concurrent Scan Root Regions 4,673ms
[2022-11-04T02:31:47.530+0100][gc,marking    ] GC(5) Concurrent Mark (4,287s)
[2022-11-04T02:31:47.530+0100][gc,marking    ] GC(5) Concurrent Mark From Roots
[2022-11-04T02:31:47.530+0100][gc,task       ] GC(5) Using 2 workers of 2 for marking
[2022-11-04T02:31:47.545+0100][gc,marking    ] GC(5) Concurrent Mark From Roots 14,707ms
[2022-11-04T02:31:47.545+0100][gc,marking    ] GC(5) Concurrent Preclean
[2022-11-04T02:31:47.545+0100][gc,marking    ] GC(5) Concurrent Preclean 0,222ms
[2022-11-04T02:31:47.545+0100][gc,marking    ] GC(5) Concurrent Mark (4,287s, 4,302s) 15,042ms
[2022-11-04T02:31:47.546+0100][gc,start      ] GC(5) Pause Remark
[2022-11-04T02:31:47.552+0100][gc,stringtable] GC(5) Cleaned string and symbol table, strings: 10808 processed, 13 removed, symbols: 82596 processed, 15 removed
[2022-11-04T02:31:47.552+0100][gc            ] GC(5) Pause Remark 144M->144M(1024M) 6,473ms
[2022-11-04T02:31:47.552+0100][gc,cpu        ] GC(5) User=0,03s Sys=0,00s Real=0,01s
[2022-11-04T02:31:47.552+0100][gc,marking    ] GC(5) Concurrent Rebuild Remembered Sets
[2022-11-04T02:31:47.557+0100][gc,marking    ] GC(5) Concurrent Rebuild Remembered Sets 4,875ms
[2022-11-04T02:31:47.558+0100][gc,start      ] GC(5) Pause Cleanup
[2022-11-04T02:31:47.558+0100][gc            ] GC(5) Pause Cleanup 145M->145M(1024M) 0,288ms
[2022-11-04T02:31:47.558+0100][gc,cpu        ] GC(5) User=0,01s Sys=0,00s Real=0,00s
[2022-11-04T02:31:47.559+0100][gc,marking    ] GC(5) Concurrent Cleanup for Next Mark
[2022-11-04T02:31:47.567+0100][gc,marking    ] GC(5) Concurrent Cleanup for Next Mark 8,523ms
[2022-11-04T02:31:47.567+0100][gc            ] GC(5) Concurrent Cycle 41,767ms
[2022-11-04T02:31:59.128+0100][gc,start      ] GC(6) Pause Young (Concurrent Start) (G1 Evacuation Pause)
[2022-11-04T02:31:59.128+0100][gc,task       ] GC(6) Using 8 workers of 8 for evacuation
[2022-11-04T02:31:59.137+0100][gc,phases     ] GC(6)   Pre Evacuate Collection Set: 0,2ms
[2022-11-04T02:31:59.138+0100][gc,phases     ] GC(6)   Evacuate Collection Set: 8,6ms
[2022-11-04T02:31:59.138+0100][gc,phases     ] GC(6)   Post Evacuate Collection Set: 0,6ms
[2022-11-04T02:31:59.138+0100][gc,phases     ] GC(6)   Other: 0,2ms
[2022-11-04T02:31:59.138+0100][gc,heap       ] GC(6) Eden regions: 44->0(45)
[2022-11-04T02:31:59.138+0100][gc,heap       ] GC(6) Survivor regions: 7->6(7)
[2022-11-04T02:31:59.138+0100][gc,heap       ] GC(6) Old regions: 9->12
[2022-11-04T02:31:59.138+0100][gc,heap       ] GC(6) Humongous regions: 135->129
[2022-11-04T02:31:59.138+0100][gc,metaspace  ] GC(6) Metaspace: 41526K->41526K(1087488K)
[2022-11-04T02:31:59.138+0100][gc            ] GC(6) Pause Young (Concurrent Start) (G1 Evacuation Pause) 192M->144M(1024M) 9,798ms
[2022-11-04T02:31:59.138+0100][gc,cpu        ] GC(6) User=0,06s Sys=0,00s Real=0,01s
[2022-11-04T02:31:59.138+0100][gc            ] GC(7) Concurrent Cycle
[2022-11-04T02:31:59.138+0100][gc,marking    ] GC(7) Concurrent Clear Claimed Marks
[2022-11-04T02:31:59.138+0100][gc,marking    ] GC(7) Concurrent Clear Claimed Marks 0,191ms
[2022-11-04T02:31:59.138+0100][gc,marking    ] GC(7) Concurrent Scan Root Regions
[2022-11-04T02:31:59.141+0100][gc,marking    ] GC(7) Concurrent Scan Root Regions 3,269ms
[2022-11-04T02:31:59.141+0100][gc,marking    ] GC(7) Concurrent Mark (15,898s)
[2022-11-04T02:31:59.141+0100][gc,marking    ] GC(7) Concurrent Mark From Roots
[2022-11-04T02:31:59.141+0100][gc,task       ] GC(7) Using 2 workers of 2 for marking
[2022-11-04T02:31:59.150+0100][gc,marking    ] GC(7) Concurrent Mark From Roots 8,386ms
[2022-11-04T02:31:59.150+0100][gc,marking    ] GC(7) Concurrent Preclean
[2022-11-04T02:31:59.150+0100][gc,marking    ] GC(7) Concurrent Preclean 0,201ms
[2022-11-04T02:31:59.150+0100][gc,marking    ] GC(7) Concurrent Mark (15,898s, 15,907s) 8,680ms
[2022-11-04T02:31:59.150+0100][gc,start      ] GC(7) Pause Remark
[2022-11-04T02:31:59.154+0100][gc,stringtable] GC(7) Cleaned string and symbol table, strings: 11943 processed, 0 removed, symbols: 92440 processed, 2 removed
[2022-11-04T02:31:59.154+0100][gc            ] GC(7) Pause Remark 145M->145M(1024M) 4,095ms
[2022-11-04T02:31:59.154+0100][gc,cpu        ] GC(7) User=0,02s Sys=0,00s Real=0,00s
[2022-11-04T02:31:59.154+0100][gc,marking    ] GC(7) Concurrent Rebuild Remembered Sets
[2022-11-04T02:31:59.160+0100][gc,marking    ] GC(7) Concurrent Rebuild Remembered Sets 5,714ms
[2022-11-04T02:31:59.160+0100][gc,start      ] GC(7) Pause Cleanup
[2022-11-04T02:31:59.161+0100][gc            ] GC(7) Pause Cleanup 145M->145M(1024M) 0,440ms
[2022-11-04T02:31:59.161+0100][gc,cpu        ] GC(7) User=0,00s Sys=0,00s Real=0,00s
[2022-11-04T02:31:59.161+0100][gc,marking    ] GC(7) Concurrent Cleanup for Next Mark
[2022-11-04T02:31:59.163+0100][gc,marking    ] GC(7) Concurrent Cleanup for Next Mark 1,877ms
[2022-11-04T02:31:59.163+0100][gc            ] GC(7) Concurrent Cycle 25,112ms
[2022-11-04T02:46:52.796+0100][gc,start      ] GC(8) Pause Young (Normal) (G1 Evacuation Pause)
[2022-11-04T02:46:52.797+0100][gc,task       ] GC(8) Using 8 workers of 8 for evacuation
[2022-11-04T02:46:52.820+0100][gc,mmu        ] GC(8) MMU target violated: 21,0ms (20,0ms/21,0ms)
[2022-11-04T02:46:52.820+0100][gc,phases     ] GC(8)   Pre Evacuate Collection Set: 0,1ms
[2022-11-04T02:46:52.820+0100][gc,phases     ] GC(8)   Evacuate Collection Set: 21,5ms
[2022-11-04T02:46:52.820+0100][gc,phases     ] GC(8)   Post Evacuate Collection Set: 1,5ms
[2022-11-04T02:46:52.820+0100][gc,phases     ] GC(8)   Other: 0,6ms
[2022-11-04T02:46:52.821+0100][gc,heap       ] GC(8) Eden regions: 45->0(47)
[2022-11-04T02:46:52.821+0100][gc,heap       ] GC(8) Survivor regions: 6->4(7)
[2022-11-04T02:46:52.821+0100][gc,heap       ] GC(8) Old regions: 12->15
[2022-11-04T02:46:52.821+0100][gc,heap       ] GC(8) Humongous regions: 129->129
[2022-11-04T02:46:52.821+0100][gc,metaspace  ] GC(8) Metaspace: 45446K->45446K(1089536K)
[2022-11-04T02:46:52.821+0100][gc            ] GC(8) Pause Young (Normal) (G1 Evacuation Pause) 189M->146M(1024M) 24,251ms
[2022-11-04T02:46:52.821+0100][gc,cpu        ] GC(8) User=0,15s Sys=0,00s Real=0,03s
[2022-11-04T02:59:16.774+0100][gc,start      ] GC(9) Pause Young (Normal) (G1 Evacuation Pause)
[2022-11-04T02:59:16.774+0100][gc,task       ] GC(9) Using 8 workers of 8 for evacuation
[2022-11-04T02:59:16.780+0100][gc,phases     ] GC(9)   Pre Evacuate Collection Set: 0,0ms
[2022-11-04T02:59:16.780+0100][gc,phases     ] GC(9)   Evacuate Collection Set: 3,9ms
[2022-11-04T02:59:16.780+0100][gc,phases     ] GC(9)   Post Evacuate Collection Set: 1,7ms
[2022-11-04T02:59:16.780+0100][gc,phases     ] GC(9)   Other: 0,2ms
[2022-11-04T02:59:16.780+0100][gc,heap       ] GC(9) Eden regions: 47->0(46)
[2022-11-04T02:59:16.780+0100][gc,heap       ] GC(9) Survivor regions: 4->5(7)
[2022-11-04T02:59:16.780+0100][gc,heap       ] GC(9) Old regions: 15->15
[2022-11-04T02:59:16.780+0100][gc,heap       ] GC(9) Humongous regions: 129->129
[2022-11-04T02:59:16.780+0100][gc,metaspace  ] GC(9) Metaspace: 46063K->46063K(1091584K)
[2022-11-04T02:59:16.780+0100][gc            ] GC(9) Pause Young (Normal) (G1 Evacuation Pause) 193M->146M(1024M) 5,993ms
[2022-11-04T02:59:16.780+0100][gc,cpu        ] GC(9) User=0,04s Sys=0,00s Real=0,01s
[2022-11-04T03:02:01.842+0100][gc,start      ] GC(10) Pause Young (Normal) (G1 Evacuation Pause)
[2022-11-04T03:02:01.842+0100][gc,task       ] GC(10) Using 8 workers of 8 for evacuation
[2022-11-04T03:02:01.849+0100][gc,phases     ] GC(10)   Pre Evacuate Collection Set: 0,1ms
[2022-11-04T03:02:01.849+0100][gc,phases     ] GC(10)   Evacuate Collection Set: 5,0ms
[2022-11-04T03:02:01.849+0100][gc,phases     ] GC(10)   Post Evacuate Collection Set: 1,3ms
[2022-11-04T03:02:01.849+0100][gc,phases     ] GC(10)   Other: 2,5ms
[2022-11-04T03:02:01.849+0100][gc,heap       ] GC(10) Eden regions: 46->0(49)
[2022-11-04T03:02:01.849+0100][gc,heap       ] GC(10) Survivor regions: 5->3(7)
[2022-11-04T03:02:01.849+0100][gc,heap       ] GC(10) Old regions: 15->17
[2022-11-04T03:02:01.849+0100][gc,heap       ] GC(10) Humongous regions: 129->129
[2022-11-04T03:02:01.849+0100][gc,metaspace  ] GC(10) Metaspace: 46121K->46121K(1091584K)
[2022-11-04T03:02:01.849+0100][gc            ] GC(10) Pause Young (Normal) (G1 Evacuation Pause) 192M->146M(1024M) 7,246ms
[2022-11-04T03:02:01.849+0100][gc,cpu        ] GC(10) User=0,04s Sys=0,00s Real=0,00s
[2022-11-04T03:03:00.429+0100][gc,start      ] GC(11) Pause Young (Normal) (G1 Evacuation Pause)
[2022-11-04T03:03:00.429+0100][gc,task       ] GC(11) Using 8 workers of 8 for evacuation
[2022-11-04T03:03:00.433+0100][gc,phases     ] GC(11)   Pre Evacuate Collection Set: 0,0ms
[2022-11-04T03:03:00.434+0100][gc,phases     ] GC(11)   Evacuate Collection Set: 2,7ms
[2022-11-04T03:03:00.434+0100][gc,phases     ] GC(11)   Post Evacuate Collection Set: 1,5ms
[2022-11-04T03:03:00.434+0100][gc,phases     ] GC(11)   Other: 0,2ms
[2022-11-04T03:03:00.434+0100][gc,heap       ] GC(11) Eden regions: 49->0(59)
[2022-11-04T03:03:00.434+0100][gc,heap       ] GC(11) Survivor regions: 3->3(7)
[2022-11-04T03:03:00.434+0100][gc,heap       ] GC(11) Old regions: 17->17
[2022-11-04T03:03:00.434+0100][gc,heap       ] GC(11) Humongous regions: 129->129
[2022-11-04T03:03:00.434+0100][gc,metaspace  ] GC(11) Metaspace: 46138K->46138K(1091584K)
[2022-11-04T03:03:00.434+0100][gc            ] GC(11) Pause Young (Normal) (G1 Evacuation Pause) 195M->146M(1024M) 4,584ms
[2022-11-04T03:03:00.434+0100][gc,cpu        ] GC(11) User=0,03s Sys=0,00s Real=0,01s
[2022-11-04T03:03:40.779+0100][gc,start      ] GC(12) Pause Young (Normal) (G1 Evacuation Pause)
[2022-11-04T03:03:40.779+0100][gc,task       ] GC(12) Using 8 workers of 8 for evacuation
[2022-11-04T03:03:40.785+0100][gc,phases     ] GC(12)   Pre Evacuate Collection Set: 0,0ms
[2022-11-04T03:03:40.785+0100][gc,phases     ] GC(12)   Evacuate Collection Set: 3,7ms
[2022-11-04T03:03:40.785+0100][gc,phases     ] GC(12)   Post Evacuate Collection Set: 2,2ms
[2022-11-04T03:03:40.785+0100][gc,phases     ] GC(12)   Other: 0,3ms
[2022-11-04T03:03:40.785+0100][gc,heap       ] GC(12) Eden regions: 59->0(69)
[2022-11-04T03:03:40.785+0100][gc,heap       ] GC(12) Survivor regions: 3->3(8)
[2022-11-04T03:03:40.785+0100][gc,heap       ] GC(12) Old regions: 17->17
[2022-11-04T03:03:40.785+0100][gc,heap       ] GC(12) Humongous regions: 129->129
[2022-11-04T03:03:40.785+0100][gc,metaspace  ] GC(12) Metaspace: 46139K->46139K(1091584K)
[2022-11-04T03:03:40.785+0100][gc            ] GC(12) Pause Young (Normal) (G1 Evacuation Pause) 205M->146M(1024M) 6,462ms
[2022-11-04T03:03:40.785+0100][gc,cpu        ] GC(12) User=0,03s Sys=0,00s Real=0,00s
[2022-11-04T03:04:11.822+0100][gc,start      ] GC(13) Pause Young (Normal) (G1 Evacuation Pause)
[2022-11-04T03:04:11.822+0100][gc,task       ] GC(13) Using 8 workers of 8 for evacuation
[2022-11-04T03:04:11.826+0100][gc,phases     ] GC(13)   Pre Evacuate Collection Set: 0,0ms
[2022-11-04T03:04:11.826+0100][gc,phases     ] GC(13)   Evacuate Collection Set: 2,8ms
[2022-11-04T03:04:11.826+0100][gc,phases     ] GC(13)   Post Evacuate Collection Set: 0,9ms
[2022-11-04T03:04:11.826+0100][gc,phases     ] GC(13)   Other: 0,2ms
[2022-11-04T03:04:11.826+0100][gc,heap       ] GC(13) Eden regions: 69->0(84)
[2022-11-04T03:04:11.826+0100][gc,heap       ] GC(13) Survivor regions: 3->3(9)
[2022-11-04T03:04:11.826+0100][gc,heap       ] GC(13) Old regions: 17->17
[2022-11-04T03:04:11.827+0100][gc,heap       ] GC(13) Humongous regions: 129->129
[2022-11-04T03:04:11.827+0100][gc,metaspace  ] GC(13) Metaspace: 46162K->46162K(1091584K)
[2022-11-04T03:04:11.827+0100][gc            ] GC(13) Pause Young (Normal) (G1 Evacuation Pause) 215M->146M(1024M) 4,121ms
[2022-11-04T03:04:11.827+0100][gc,cpu        ] GC(13) User=0,02s Sys=0,00s Real=0,00s
[2022-11-04T03:04:43.228+0100][gc,start      ] GC(14) Pause Young (Normal) (G1 Evacuation Pause)
[2022-11-04T03:04:43.228+0100][gc,task       ] GC(14) Using 8 workers of 8 for evacuation
[2022-11-04T03:04:43.234+0100][gc,phases     ] GC(14)   Pre Evacuate Collection Set: 0,0ms
[2022-11-04T03:04:43.234+0100][gc,phases     ] GC(14)   Evacuate Collection Set: 4,5ms
[2022-11-04T03:04:43.234+0100][gc,phases     ] GC(14)   Post Evacuate Collection Set: 1,1ms
[2022-11-04T03:04:43.234+0100][gc,phases     ] GC(14)   Other: 0,2ms
[2022-11-04T03:04:43.234+0100][gc,heap       ] GC(14) Eden regions: 84->0(103)
[2022-11-04T03:04:43.234+0100][gc,heap       ] GC(14) Survivor regions: 3->3(11)
[2022-11-04T03:04:43.234+0100][gc,heap       ] GC(14) Old regions: 17->17
[2022-11-04T03:04:43.234+0100][gc,heap       ] GC(14) Humongous regions: 129->129
[2022-11-04T03:04:43.234+0100][gc,metaspace  ] GC(14) Metaspace: 46163K->46163K(1091584K)
[2022-11-04T03:04:43.234+0100][gc            ] GC(14) Pause Young (Normal) (G1 Evacuation Pause) 230M->146M(1024M) 5,938ms
[2022-11-04T03:04:43.234+0100][gc,cpu        ] GC(14) User=0,02s Sys=0,00s Real=0,01s
[2022-11-04T03:11:24.156+0100][gc,start      ] GC(15) Pause Young (Normal) (G1 Evacuation Pause)
[2022-11-04T03:11:24.156+0100][gc,task       ] GC(15) Using 8 workers of 8 for evacuation
[2022-11-04T03:11:24.163+0100][gc,phases     ] GC(15)   Pre Evacuate Collection Set: 0,1ms
[2022-11-04T03:11:24.163+0100][gc,phases     ] GC(15)   Evacuate Collection Set: 4,8ms
[2022-11-04T03:11:24.163+0100][gc,phases     ] GC(15)   Post Evacuate Collection Set: 1,6ms
[2022-11-04T03:11:24.163+0100][gc,phases     ] GC(15)   Other: 0,2ms
[2022-11-04T03:11:24.163+0100][gc,heap       ] GC(15) Eden regions: 103->0(119)
[2022-11-04T03:11:24.163+0100][gc,heap       ] GC(15) Survivor regions: 3->3(14)
[2022-11-04T03:11:24.163+0100][gc,heap       ] GC(15) Old regions: 17->17
[2022-11-04T03:11:24.163+0100][gc,heap       ] GC(15) Humongous regions: 334->129
[2022-11-04T03:11:24.163+0100][gc,metaspace  ] GC(15) Metaspace: 46256K->46256K(1091584K)
[2022-11-04T03:11:24.163+0100][gc            ] GC(15) Pause Young (Normal) (G1 Evacuation Pause) 454M->146M(1024M) 6,946ms
[2022-11-04T03:11:24.163+0100][gc,cpu        ] GC(15) User=0,02s Sys=0,01s Real=0,01s
[2022-11-04T03:15:08.100+0100][gc,heap,exit  ] Heap
[2022-11-04T03:15:08.100+0100][gc,heap,exit  ]  garbage-first heap   total 1048576K, used 166773K [0x00000000c0000000, 0x0000000100000000)
[2022-11-04T03:15:08.100+0100][gc,heap,exit  ]   region size 1024K, 20 young (20480K), 3 survivors (3072K)
[2022-11-04T03:15:08.100+0100][gc,heap,exit  ]  Metaspace       used 46992K, capacity 50336K, committed 50560K, reserved 1091584K
[2022-11-04T03:15:08.100+0100][gc,heap,exit  ]   class space    used 6618K, capacity 8214K, committed 8320K, reserved 1048576K
