[2022-11-04T01:55:26.702+0100][gc,heap] Heap region size: 1M
[2022-11-04T01:55:26.713+0100][gc     ] Using G1
[2022-11-04T01:55:26.713+0100][gc,heap,coops] Heap address: 0x00000000c0000000, size: 1024 MB, Compressed Oops mode: 32-bit
[2022-11-04T01:55:26.713+0100][gc,cds       ] Mark closed archive regions in map: [0x00000000fff00000, 0x00000000fff6aff8]
[2022-11-04T01:55:26.713+0100][gc,cds       ] Mark open archive regions in map: [0x00000000ffe00000, 0x00000000ffe47ff8]
[2022-11-04T01:55:27.680+0100][gc,start     ] GC(0) Pause Young (Normal) (G1 Evacuation Pause)
[2022-11-04T01:55:27.681+0100][gc,task      ] GC(0) Using 8 workers of 8 for evacuation
[2022-11-04T01:55:27.689+0100][gc,phases    ] GC(0)   Pre Evacuate Collection Set: 0,0ms
[2022-11-04T01:55:27.689+0100][gc,phases    ] GC(0)   Evacuate Collection Set: 8,2ms
[2022-11-04T01:55:27.689+0100][gc,phases    ] GC(0)   Post Evacuate Collection Set: 0,4ms
[2022-11-04T01:55:27.689+0100][gc,phases    ] GC(0)   Other: 0,8ms
[2022-11-04T01:55:27.689+0100][gc,heap      ] GC(0) Eden regions: 51->0(44)
[2022-11-04T01:55:27.689+0100][gc,heap      ] GC(0) Survivor regions: 0->7(7)
[2022-11-04T01:55:27.689+0100][gc,heap      ] GC(0) Old regions: 2->2
[2022-11-04T01:55:27.689+0100][gc,heap      ] GC(0) Humongous regions: 0->0
[2022-11-04T01:55:27.689+0100][gc,metaspace ] GC(0) Metaspace: 14365K->14365K(1062912K)
[2022-11-04T01:55:27.689+0100][gc           ] GC(0) Pause Young (Normal) (G1 Evacuation Pause) 51M->7M(1024M) 9,609ms
[2022-11-04T01:55:27.689+0100][gc,cpu       ] GC(0) User=0,06s Sys=0,01s Real=0,00s
[2022-11-04T01:55:28.185+0100][gc,start     ] GC(1) Pause Young (Concurrent Start) (Metadata GC Threshold)
[2022-11-04T01:55:28.185+0100][gc,task      ] GC(1) Using 8 workers of 8 for evacuation
[2022-11-04T01:55:28.194+0100][gc,phases    ] GC(1)   Pre Evacuate Collection Set: 0,0ms
[2022-11-04T01:55:28.194+0100][gc,phases    ] GC(1)   Evacuate Collection Set: 8,6ms
[2022-11-04T01:55:28.194+0100][gc,phases    ] GC(1)   Post Evacuate Collection Set: 0,4ms
[2022-11-04T01:55:28.194+0100][gc,phases    ] GC(1)   Other: 0,3ms
[2022-11-04T01:55:28.194+0100][gc,heap      ] GC(1) Eden regions: 27->0(49)
[2022-11-04T01:55:28.194+0100][gc,heap      ] GC(1) Survivor regions: 7->2(7)
[2022-11-04T01:55:28.194+0100][gc,heap      ] GC(1) Old regions: 2->9
[2022-11-04T01:55:28.194+0100][gc,heap      ] GC(1) Humongous regions: 0->0
[2022-11-04T01:55:28.194+0100][gc,metaspace ] GC(1) Metaspace: 20532K->20532K(1067008K)
[2022-11-04T01:55:28.194+0100][gc           ] GC(1) Pause Young (Concurrent Start) (Metadata GC Threshold) 33M->8M(1024M) 9,546ms
[2022-11-04T01:55:28.194+0100][gc,cpu       ] GC(1) User=0,04s Sys=0,00s Real=0,01s
[2022-11-04T01:55:28.194+0100][gc           ] GC(2) Concurrent Cycle
[2022-11-04T01:55:28.194+0100][gc,marking   ] GC(2) Concurrent Clear Claimed Marks
[2022-11-04T01:55:28.194+0100][gc,marking   ] GC(2) Concurrent Clear Claimed Marks 0,050ms
[2022-11-04T01:55:28.194+0100][gc,marking   ] GC(2) Concurrent Scan Root Regions
[2022-11-04T01:55:28.195+0100][gc,marking   ] GC(2) Concurrent Scan Root Regions 1,121ms
[2022-11-04T01:55:28.195+0100][gc,marking   ] GC(2) Concurrent Mark (1,497s)
[2022-11-04T01:55:28.195+0100][gc,marking   ] GC(2) Concurrent Mark From Roots
[2022-11-04T01:55:28.195+0100][gc,task      ] GC(2) Using 2 workers of 2 for marking
[2022-11-04T01:55:28.204+0100][gc,marking   ] GC(2) Concurrent Mark From Roots 9,074ms
[2022-11-04T01:55:28.205+0100][gc,marking   ] GC(2) Concurrent Preclean
[2022-11-04T01:55:28.205+0100][gc,marking   ] GC(2) Concurrent Preclean 0,159ms
[2022-11-04T01:55:28.205+0100][gc,marking   ] GC(2) Concurrent Mark (1,497s, 1,506s) 9,296ms
[2022-11-04T01:55:28.205+0100][gc,start     ] GC(2) Pause Remark
[2022-11-04T01:55:28.208+0100][gc,stringtable] GC(2) Cleaned string and symbol table, strings: 5207 processed, 0 removed, symbols: 51986 processed, 59 removed
[2022-11-04T01:55:28.208+0100][gc            ] GC(2) Pause Remark 10M->10M(1024M) 2,943ms
[2022-11-04T01:55:28.208+0100][gc,cpu        ] GC(2) User=0,01s Sys=0,00s Real=0,00s
[2022-11-04T01:55:28.208+0100][gc,marking    ] GC(2) Concurrent Rebuild Remembered Sets
[2022-11-04T01:55:28.212+0100][gc,marking    ] GC(2) Concurrent Rebuild Remembered Sets 3,959ms
[2022-11-04T01:55:28.212+0100][gc,start      ] GC(2) Pause Cleanup
[2022-11-04T01:55:28.212+0100][gc            ] GC(2) Pause Cleanup 10M->10M(1024M) 0,239ms
[2022-11-04T01:55:28.212+0100][gc,cpu        ] GC(2) User=0,00s Sys=0,00s Real=0,00s
[2022-11-04T01:55:28.212+0100][gc,marking    ] GC(2) Concurrent Cleanup for Next Mark
[2022-11-04T01:55:28.219+0100][gc,marking    ] GC(2) Concurrent Cleanup for Next Mark 6,994ms
[2022-11-04T01:55:28.219+0100][gc            ] GC(2) Concurrent Cycle 25,270ms
[2022-11-04T01:55:28.837+0100][gc,start      ] GC(3) Pause Young (Normal) (GCLocker Initiated GC)
[2022-11-04T01:55:28.837+0100][gc,task       ] GC(3) Using 8 workers of 8 for evacuation
[2022-11-04T01:55:28.846+0100][gc,phases     ] GC(3)   Pre Evacuate Collection Set: 0,0ms
[2022-11-04T01:55:28.846+0100][gc,phases     ] GC(3)   Evacuate Collection Set: 8,8ms
[2022-11-04T01:55:28.846+0100][gc,phases     ] GC(3)   Post Evacuate Collection Set: 0,4ms
[2022-11-04T01:55:28.846+0100][gc,phases     ] GC(3)   Other: 0,2ms
[2022-11-04T01:55:28.846+0100][gc,heap       ] GC(3) Eden regions: 50->0(46)
[2022-11-04T01:55:28.846+0100][gc,heap       ] GC(3) Survivor regions: 2->5(7)
[2022-11-04T01:55:28.846+0100][gc,heap       ] GC(3) Old regions: 9->9
[2022-11-04T01:55:28.846+0100][gc,heap       ] GC(3) Humongous regions: 129->129
[2022-11-04T01:55:28.846+0100][gc,metaspace  ] GC(3) Metaspace: 28654K->28654K(1075200K)
[2022-11-04T01:55:28.846+0100][gc            ] GC(3) Pause Young (Normal) (GCLocker Initiated GC) 186M->140M(1024M) 9,492ms
[2022-11-04T01:55:28.846+0100][gc,cpu        ] GC(3) User=0,06s Sys=0,00s Real=0,01s
[2022-11-04T01:55:29.242+0100][gc,start      ] GC(4) Pause Young (Concurrent Start) (Metadata GC Threshold)
[2022-11-04T01:55:29.242+0100][gc,task       ] GC(4) Using 8 workers of 8 for evacuation
[2022-11-04T01:55:29.254+0100][gc,phases     ] GC(4)   Pre Evacuate Collection Set: 0,1ms
[2022-11-04T01:55:29.254+0100][gc,phases     ] GC(4)   Evacuate Collection Set: 10,1ms
[2022-11-04T01:55:29.254+0100][gc,phases     ] GC(4)   Post Evacuate Collection Set: 0,7ms
[2022-11-04T01:55:29.254+0100][gc,phases     ] GC(4)   Other: 0,2ms
[2022-11-04T01:55:29.254+0100][gc,heap       ] GC(4) Eden regions: 31->0(45)
[2022-11-04T01:55:29.254+0100][gc,heap       ] GC(4) Survivor regions: 5->6(7)
[2022-11-04T01:55:29.254+0100][gc,heap       ] GC(4) Old regions: 9->10
[2022-11-04T01:55:29.254+0100][gc,heap       ] GC(4) Humongous regions: 129->129
[2022-11-04T01:55:29.254+0100][gc,metaspace  ] GC(4) Metaspace: 34445K->34445K(1081344K)
[2022-11-04T01:55:29.254+0100][gc            ] GC(4) Pause Young (Concurrent Start) (Metadata GC Threshold) 170M->142M(1024M) 11,394ms
[2022-11-04T01:55:29.254+0100][gc,cpu        ] GC(4) User=0,04s Sys=0,01s Real=0,01s
[2022-11-04T01:55:29.254+0100][gc            ] GC(5) Concurrent Cycle
[2022-11-04T01:55:29.254+0100][gc,marking    ] GC(5) Concurrent Clear Claimed Marks
[2022-11-04T01:55:29.254+0100][gc,marking    ] GC(5) Concurrent Clear Claimed Marks 0,112ms
[2022-11-04T01:55:29.254+0100][gc,marking    ] GC(5) Concurrent Scan Root Regions
[2022-11-04T01:55:29.258+0100][gc,marking    ] GC(5) Concurrent Scan Root Regions 3,763ms
[2022-11-04T01:55:29.258+0100][gc,marking    ] GC(5) Concurrent Mark (2,559s)
[2022-11-04T01:55:29.258+0100][gc,marking    ] GC(5) Concurrent Mark From Roots
[2022-11-04T01:55:29.258+0100][gc,task       ] GC(5) Using 2 workers of 2 for marking
[2022-11-04T01:55:29.268+0100][gc,marking    ] GC(5) Concurrent Mark From Roots 9,903ms
[2022-11-04T01:55:29.268+0100][gc,marking    ] GC(5) Concurrent Preclean
[2022-11-04T01:55:29.268+0100][gc,marking    ] GC(5) Concurrent Preclean 0,234ms
[2022-11-04T01:55:29.268+0100][gc,marking    ] GC(5) Concurrent Mark (2,559s, 2,569s) 10,218ms
[2022-11-04T01:55:29.268+0100][gc,start      ] GC(5) Pause Remark
[2022-11-04T01:55:29.272+0100][gc,stringtable] GC(5) Cleaned string and symbol table, strings: 10670 processed, 13 removed, symbols: 84386 processed, 13 removed
[2022-11-04T01:55:29.273+0100][gc            ] GC(5) Pause Remark 145M->145M(1024M) 4,302ms
[2022-11-04T01:55:29.273+0100][gc,cpu        ] GC(5) User=0,03s Sys=0,00s Real=0,01s
[2022-11-04T01:55:29.273+0100][gc,marking    ] GC(5) Concurrent Rebuild Remembered Sets
[2022-11-04T01:55:29.278+0100][gc,marking    ] GC(5) Concurrent Rebuild Remembered Sets 5,150ms
[2022-11-04T01:55:29.278+0100][gc,start      ] GC(5) Pause Cleanup
[2022-11-04T01:55:29.279+0100][gc            ] GC(5) Pause Cleanup 146M->146M(1024M) 0,455ms
[2022-11-04T01:55:29.279+0100][gc,cpu        ] GC(5) User=0,00s Sys=0,00s Real=0,00s
[2022-11-04T01:55:29.279+0100][gc,marking    ] GC(5) Concurrent Cleanup for Next Mark
[2022-11-04T01:55:29.286+0100][gc,marking    ] GC(5) Concurrent Cleanup for Next Mark 6,880ms
[2022-11-04T01:55:29.286+0100][gc            ] GC(5) Concurrent Cycle 31,981ms
[2022-11-04T02:06:27.495+0100][gc,start      ] GC(6) Pause Young (Concurrent Start) (G1 Evacuation Pause)
[2022-11-04T02:06:27.497+0100][gc,task       ] GC(6) Using 8 workers of 8 for evacuation
[2022-11-04T02:06:27.507+0100][gc,phases     ] GC(6)   Pre Evacuate Collection Set: 0,2ms
[2022-11-04T02:06:27.507+0100][gc,phases     ] GC(6)   Evacuate Collection Set: 8,4ms
[2022-11-04T02:06:27.507+0100][gc,phases     ] GC(6)   Post Evacuate Collection Set: 1,6ms
[2022-11-04T02:06:27.507+0100][gc,phases     ] GC(6)   Other: 2,4ms
[2022-11-04T02:06:27.507+0100][gc,heap       ] GC(6) Eden regions: 45->0(46)
[2022-11-04T02:06:27.507+0100][gc,heap       ] GC(6) Survivor regions: 6->5(7)
[2022-11-04T02:06:27.507+0100][gc,heap       ] GC(6) Old regions: 10->13
[2022-11-04T02:06:27.507+0100][gc,heap       ] GC(6) Humongous regions: 129->129
[2022-11-04T02:06:27.508+0100][gc,metaspace  ] GC(6) Metaspace: 41518K->41518K(1087488K)
[2022-11-04T02:06:27.508+0100][gc            ] GC(6) Pause Young (Concurrent Start) (G1 Evacuation Pause) 187M->144M(1024M) 12,772ms
[2022-11-04T02:06:27.508+0100][gc,cpu        ] GC(6) User=0,04s Sys=0,00s Real=0,01s
[2022-11-04T02:06:27.508+0100][gc            ] GC(7) Concurrent Cycle
[2022-11-04T02:06:27.508+0100][gc,marking    ] GC(7) Concurrent Clear Claimed Marks
[2022-11-04T02:06:27.508+0100][gc,marking    ] GC(7) Concurrent Clear Claimed Marks 0,239ms
[2022-11-04T02:06:27.508+0100][gc,marking    ] GC(7) Concurrent Scan Root Regions
[2022-11-04T02:06:27.511+0100][gc,marking    ] GC(7) Concurrent Scan Root Regions 3,086ms
[2022-11-04T02:06:27.511+0100][gc,marking    ] GC(7) Concurrent Mark (660,812s)
[2022-11-04T02:06:27.511+0100][gc,marking    ] GC(7) Concurrent Mark From Roots
[2022-11-04T02:06:27.511+0100][gc,task       ] GC(7) Using 2 workers of 2 for marking
[2022-11-04T02:06:27.524+0100][gc,marking    ] GC(7) Concurrent Mark From Roots 13,321ms
[2022-11-04T02:06:27.524+0100][gc,marking    ] GC(7) Concurrent Preclean
[2022-11-04T02:06:27.525+0100][gc,marking    ] GC(7) Concurrent Preclean 0,194ms
[2022-11-04T02:06:27.525+0100][gc,marking    ] GC(7) Concurrent Mark (660,812s, 660,826s) 13,580ms
[2022-11-04T02:06:27.525+0100][gc,start      ] GC(7) Pause Remark
[2022-11-04T02:06:27.529+0100][gc,stringtable] GC(7) Cleaned string and symbol table, strings: 11594 processed, 3 removed, symbols: 91904 processed, 4 removed
[2022-11-04T02:06:27.530+0100][gc            ] GC(7) Pause Remark 144M->144M(1024M) 4,949ms
[2022-11-04T02:06:27.530+0100][gc,cpu        ] GC(7) User=0,03s Sys=0,00s Real=0,00s
[2022-11-04T02:06:27.530+0100][gc,marking    ] GC(7) Concurrent Rebuild Remembered Sets
[2022-11-04T02:06:27.537+0100][gc,marking    ] GC(7) Concurrent Rebuild Remembered Sets 6,984ms
[2022-11-04T02:06:27.537+0100][gc,start      ] GC(7) Pause Cleanup
[2022-11-04T02:06:27.537+0100][gc            ] GC(7) Pause Cleanup 144M->144M(1024M) 0,168ms
[2022-11-04T02:06:27.537+0100][gc,cpu        ] GC(7) User=0,00s Sys=0,00s Real=0,00s
[2022-11-04T02:06:27.537+0100][gc,marking    ] GC(7) Concurrent Cleanup for Next Mark
[2022-11-04T02:06:27.538+0100][gc,marking    ] GC(7) Concurrent Cleanup for Next Mark 1,054ms
[2022-11-04T02:06:27.538+0100][gc            ] GC(7) Concurrent Cycle 30,599ms
[2022-11-04T02:15:02.956+0100][gc,start      ] GC(8) Pause Young (Normal) (G1 Evacuation Pause)
[2022-11-04T02:15:02.956+0100][gc,task       ] GC(8) Using 8 workers of 8 for evacuation
[2022-11-04T02:15:02.962+0100][gc,phases     ] GC(8)   Pre Evacuate Collection Set: 0,0ms
[2022-11-04T02:15:02.962+0100][gc,phases     ] GC(8)   Evacuate Collection Set: 4,9ms
[2022-11-04T02:15:02.962+0100][gc,phases     ] GC(8)   Post Evacuate Collection Set: 0,6ms
[2022-11-04T02:15:02.962+0100][gc,phases     ] GC(8)   Other: 0,3ms
[2022-11-04T02:15:02.962+0100][gc,heap       ] GC(8) Eden regions: 46->0(48)
[2022-11-04T02:15:02.962+0100][gc,heap       ] GC(8) Survivor regions: 5->3(7)
[2022-11-04T02:15:02.962+0100][gc,heap       ] GC(8) Old regions: 13->15
[2022-11-04T02:15:02.962+0100][gc,heap       ] GC(8) Humongous regions: 129->129
[2022-11-04T02:15:02.962+0100][gc,metaspace  ] GC(8) Metaspace: 42229K->42229K(1087488K)
[2022-11-04T02:15:02.962+0100][gc            ] GC(8) Pause Young (Normal) (G1 Evacuation Pause) 190M->145M(1024M) 5,995ms
[2022-11-04T02:15:02.962+0100][gc,cpu        ] GC(8) User=0,02s Sys=0,01s Real=0,01s
[2022-11-04T02:15:59.891+0100][gc,start      ] GC(9) Pause Young (Normal) (G1 Evacuation Pause)
[2022-11-04T02:15:59.891+0100][gc,task       ] GC(9) Using 8 workers of 8 for evacuation
[2022-11-04T02:15:59.897+0100][gc,phases     ] GC(9)   Pre Evacuate Collection Set: 0,0ms
[2022-11-04T02:15:59.897+0100][gc,phases     ] GC(9)   Evacuate Collection Set: 3,5ms
[2022-11-04T02:15:59.897+0100][gc,phases     ] GC(9)   Post Evacuate Collection Set: 1,6ms
[2022-11-04T02:15:59.897+0100][gc,phases     ] GC(9)   Other: 0,2ms
[2022-11-04T02:15:59.897+0100][gc,heap       ] GC(9) Eden regions: 48->0(48)
[2022-11-04T02:15:59.897+0100][gc,heap       ] GC(9) Survivor regions: 3->3(7)
[2022-11-04T02:15:59.897+0100][gc,heap       ] GC(9) Old regions: 15->15
[2022-11-04T02:15:59.897+0100][gc,heap       ] GC(9) Humongous regions: 129->129
[2022-11-04T02:15:59.897+0100][gc,metaspace  ] GC(9) Metaspace: 42463K->42463K(1087488K)
[2022-11-04T02:15:59.897+0100][gc            ] GC(9) Pause Young (Normal) (G1 Evacuation Pause) 193M->145M(1024M) 5,618ms
[2022-11-04T02:15:59.897+0100][gc,cpu        ] GC(9) User=0,02s Sys=0,00s Real=0,00s
[2022-11-04T02:16:40.112+0100][gc,start      ] GC(10) Pause Young (Normal) (G1 Evacuation Pause)
[2022-11-04T02:16:40.112+0100][gc,task       ] GC(10) Using 8 workers of 8 for evacuation
[2022-11-04T02:16:40.124+0100][gc,phases     ] GC(10)   Pre Evacuate Collection Set: 0,0ms
[2022-11-04T02:16:40.124+0100][gc,phases     ] GC(10)   Evacuate Collection Set: 7,8ms
[2022-11-04T02:16:40.124+0100][gc,phases     ] GC(10)   Post Evacuate Collection Set: 3,3ms
[2022-11-04T02:16:40.124+0100][gc,phases     ] GC(10)   Other: 0,3ms
[2022-11-04T02:16:40.124+0100][gc,heap       ] GC(10) Eden regions: 48->0(51)
[2022-11-04T02:16:40.124+0100][gc,heap       ] GC(10) Survivor regions: 3->3(7)
[2022-11-04T02:16:40.124+0100][gc,heap       ] GC(10) Old regions: 15->15
[2022-11-04T02:16:40.124+0100][gc,heap       ] GC(10) Humongous regions: 129->129
[2022-11-04T02:16:40.124+0100][gc,metaspace  ] GC(10) Metaspace: 42486K->42486K(1087488K)
[2022-11-04T02:16:40.124+0100][gc            ] GC(10) Pause Young (Normal) (G1 Evacuation Pause) 192M->145M(1024M) 11,560ms
[2022-11-04T02:16:40.124+0100][gc,cpu        ] GC(10) User=0,05s Sys=0,00s Real=0,01s
[2022-11-04T02:17:08.402+0100][gc,start      ] GC(11) Pause Young (Normal) (G1 Evacuation Pause)
[2022-11-04T02:17:08.402+0100][gc,task       ] GC(11) Using 8 workers of 8 for evacuation
[2022-11-04T02:17:08.407+0100][gc,phases     ] GC(11)   Pre Evacuate Collection Set: 0,0ms
[2022-11-04T02:17:08.407+0100][gc,phases     ] GC(11)   Evacuate Collection Set: 2,8ms
[2022-11-04T02:17:08.407+0100][gc,phases     ] GC(11)   Post Evacuate Collection Set: 1,5ms
[2022-11-04T02:17:08.407+0100][gc,phases     ] GC(11)   Other: 0,2ms
[2022-11-04T02:17:08.407+0100][gc,heap       ] GC(11) Eden regions: 51->0(56)
[2022-11-04T02:17:08.407+0100][gc,heap       ] GC(11) Survivor regions: 3->3(7)
[2022-11-04T02:17:08.407+0100][gc,heap       ] GC(11) Old regions: 15->15
[2022-11-04T02:17:08.407+0100][gc,heap       ] GC(11) Humongous regions: 129->129
[2022-11-04T02:17:08.407+0100][gc,metaspace  ] GC(11) Metaspace: 42510K->42510K(1087488K)
[2022-11-04T02:17:08.407+0100][gc            ] GC(11) Pause Young (Normal) (G1 Evacuation Pause) 195M->145M(1024M) 4,734ms
[2022-11-04T02:17:08.407+0100][gc,cpu        ] GC(11) User=0,03s Sys=0,00s Real=0,00s
[2022-11-04T02:17:23.311+0100][gc,start      ] GC(12) Pause Young (Normal) (G1 Evacuation Pause)
[2022-11-04T02:17:23.311+0100][gc,task       ] GC(12) Using 8 workers of 8 for evacuation
[2022-11-04T02:17:23.316+0100][gc,phases     ] GC(12)   Pre Evacuate Collection Set: 0,0ms
[2022-11-04T02:17:23.316+0100][gc,phases     ] GC(12)   Evacuate Collection Set: 3,4ms
[2022-11-04T02:17:23.316+0100][gc,phases     ] GC(12)   Post Evacuate Collection Set: 1,3ms
[2022-11-04T02:17:23.316+0100][gc,phases     ] GC(12)   Other: 0,2ms
[2022-11-04T02:17:23.316+0100][gc,heap       ] GC(12) Eden regions: 56->0(61)
[2022-11-04T02:17:23.316+0100][gc,heap       ] GC(12) Survivor regions: 3->3(8)
[2022-11-04T02:17:23.316+0100][gc,heap       ] GC(12) Old regions: 15->15
[2022-11-04T02:17:23.316+0100][gc,heap       ] GC(12) Humongous regions: 129->129
[2022-11-04T02:17:23.316+0100][gc,metaspace  ] GC(12) Metaspace: 42518K->42518K(1087488K)
[2022-11-04T02:17:23.316+0100][gc            ] GC(12) Pause Young (Normal) (G1 Evacuation Pause) 201M->145M(1024M) 5,020ms
[2022-11-04T02:17:23.316+0100][gc,cpu        ] GC(12) User=0,02s Sys=0,00s Real=0,00s
[2022-11-04T02:17:39.367+0100][gc,start      ] GC(13) Pause Young (Normal) (G1 Evacuation Pause)
[2022-11-04T02:17:39.367+0100][gc,task       ] GC(13) Using 8 workers of 8 for evacuation
[2022-11-04T02:17:39.371+0100][gc,phases     ] GC(13)   Pre Evacuate Collection Set: 0,0ms
[2022-11-04T02:17:39.371+0100][gc,phases     ] GC(13)   Evacuate Collection Set: 3,1ms
[2022-11-04T02:17:39.371+0100][gc,phases     ] GC(13)   Post Evacuate Collection Set: 1,2ms
[2022-11-04T02:17:39.372+0100][gc,phases     ] GC(13)   Other: 0,2ms
[2022-11-04T02:17:39.372+0100][gc,heap       ] GC(13) Eden regions: 61->0(69)
[2022-11-04T02:17:39.372+0100][gc,heap       ] GC(13) Survivor regions: 3->4(8)
[2022-11-04T02:17:39.372+0100][gc,heap       ] GC(13) Old regions: 15->15
[2022-11-04T02:17:39.372+0100][gc,heap       ] GC(13) Humongous regions: 129->129
[2022-11-04T02:17:39.372+0100][gc,metaspace  ] GC(13) Metaspace: 42537K->42537K(1087488K)
[2022-11-04T02:17:39.372+0100][gc            ] GC(13) Pause Young (Normal) (G1 Evacuation Pause) 206M->145M(1024M) 4,562ms
[2022-11-04T02:17:39.372+0100][gc,cpu        ] GC(13) User=0,02s Sys=0,00s Real=0,01s
[2022-11-04T02:18:02.121+0100][gc,start      ] GC(14) Pause Young (Normal) (G1 Evacuation Pause)
[2022-11-04T02:18:02.121+0100][gc,task       ] GC(14) Using 8 workers of 8 for evacuation
[2022-11-04T02:18:02.127+0100][gc,phases     ] GC(14)   Pre Evacuate Collection Set: 0,0ms
[2022-11-04T02:18:02.127+0100][gc,phases     ] GC(14)   Evacuate Collection Set: 4,0ms
[2022-11-04T02:18:02.127+0100][gc,phases     ] GC(14)   Post Evacuate Collection Set: 1,6ms
[2022-11-04T02:18:02.127+0100][gc,phases     ] GC(14)   Other: 0,3ms
[2022-11-04T02:18:02.127+0100][gc,heap       ] GC(14) Eden regions: 69->0(192)
[2022-11-04T02:18:02.127+0100][gc,heap       ] GC(14) Survivor regions: 4->4(10)
[2022-11-04T02:18:02.127+0100][gc,heap       ] GC(14) Old regions: 15->15
[2022-11-04T02:18:02.127+0100][gc,heap       ] GC(14) Humongous regions: 129->129
[2022-11-04T02:18:02.127+0100][gc,metaspace  ] GC(14) Metaspace: 42553K->42553K(1087488K)
[2022-11-04T02:18:02.127+0100][gc            ] GC(14) Pause Young (Normal) (G1 Evacuation Pause) 213M->145M(1024M) 5,992ms
[2022-11-04T02:18:02.127+0100][gc,cpu        ] GC(14) User=0,03s Sys=0,00s Real=0,00s
[2022-11-04T02:19:03.433+0100][gc,start      ] GC(15) Pause Young (Concurrent Start) (G1 Humongous Allocation)
[2022-11-04T02:19:03.435+0100][gc,task       ] GC(15) Using 8 workers of 8 for evacuation
[2022-11-04T02:19:03.494+0100][gc,mmu        ] GC(15) MMU target violated: 21,0ms (20,0ms/21,0ms)
[2022-11-04T02:19:03.494+0100][gc,phases     ] GC(15)   Pre Evacuate Collection Set: 0,7ms
[2022-11-04T02:19:03.495+0100][gc,phases     ] GC(15)   Evacuate Collection Set: 27,5ms
[2022-11-04T02:19:03.495+0100][gc,phases     ] GC(15)   Post Evacuate Collection Set: 30,1ms
[2022-11-04T02:19:03.495+0100][gc,phases     ] GC(15)   Other: 3,3ms
[2022-11-04T02:19:03.495+0100][gc,heap       ] GC(15) Eden regions: 33->0(48)
[2022-11-04T02:19:03.495+0100][gc,heap       ] GC(15) Survivor regions: 4->3(25)
[2022-11-04T02:19:03.495+0100][gc,heap       ] GC(15) Old regions: 15->15
[2022-11-04T02:19:03.495+0100][gc,heap       ] GC(15) Humongous regions: 343->129
[2022-11-04T02:19:03.495+0100][gc,metaspace  ] GC(15) Metaspace: 42578K->42578K(1087488K)
[2022-11-04T02:19:03.495+0100][gc            ] GC(15) Pause Young (Concurrent Start) (G1 Humongous Allocation) 391M->145M(1024M) 61,635ms
[2022-11-04T02:19:03.495+0100][gc,cpu        ] GC(15) User=0,18s Sys=0,00s Real=0,06s
[2022-11-04T02:19:03.495+0100][gc            ] GC(16) Concurrent Cycle
[2022-11-04T02:19:03.495+0100][gc,marking    ] GC(16) Concurrent Clear Claimed Marks
[2022-11-04T02:19:03.495+0100][gc,marking    ] GC(16) Concurrent Clear Claimed Marks 0,359ms
[2022-11-04T02:19:03.495+0100][gc,marking    ] GC(16) Concurrent Scan Root Regions
[2022-11-04T02:19:03.499+0100][gc,marking    ] GC(16) Concurrent Scan Root Regions 3,326ms
[2022-11-04T02:19:03.499+0100][gc,marking    ] GC(16) Concurrent Mark (1416,800s)
[2022-11-04T02:19:03.499+0100][gc,marking    ] GC(16) Concurrent Mark From Roots
[2022-11-04T02:19:03.499+0100][gc,task       ] GC(16) Using 2 workers of 2 for marking
[2022-11-04T02:19:03.522+0100][gc,marking    ] GC(16) Concurrent Mark From Roots 22,907ms
[2022-11-04T02:19:03.522+0100][gc,marking    ] GC(16) Concurrent Preclean
[2022-11-04T02:19:03.522+0100][gc,marking    ] GC(16) Concurrent Preclean 0,488ms
[2022-11-04T02:19:03.522+0100][gc,marking    ] GC(16) Concurrent Mark (1416,800s, 1416,823s) 23,513ms
[2022-11-04T02:19:03.522+0100][gc,start      ] GC(16) Pause Remark
[2022-11-04T02:19:03.609+0100][gc,stringtable] GC(16) Cleaned string and symbol table, strings: 11961 processed, 328 removed, symbols: 91966 processed, 1 removed
[2022-11-04T02:19:03.612+0100][gc,mmu        ] GC(16) MMU target violated: 21,0ms (20,0ms/21,0ms)
[2022-11-04T02:19:03.612+0100][gc            ] GC(16) Pause Remark 146M->146M(1024M) 89,804ms
[2022-11-04T02:19:03.612+0100][gc,cpu        ] GC(16) User=0,22s Sys=0,00s Real=0,09s
[2022-11-04T02:19:03.613+0100][gc,marking    ] GC(16) Concurrent Rebuild Remembered Sets
[2022-11-04T02:19:03.626+0100][gc,marking    ] GC(16) Concurrent Rebuild Remembered Sets 12,967ms
[2022-11-04T02:19:03.626+0100][gc,start      ] GC(16) Pause Cleanup
[2022-11-04T02:19:03.626+0100][gc            ] GC(16) Pause Cleanup 148M->148M(1024M) 0,274ms
[2022-11-04T02:19:03.626+0100][gc,cpu        ] GC(16) User=0,00s Sys=0,00s Real=0,00s
[2022-11-04T02:19:03.626+0100][gc,marking    ] GC(16) Concurrent Cleanup for Next Mark
[2022-11-04T02:19:03.630+0100][gc,marking    ] GC(16) Concurrent Cleanup for Next Mark 3,694ms
[2022-11-04T02:19:03.630+0100][gc            ] GC(16) Concurrent Cycle 135,443ms
[2022-11-04T02:19:54.900+0100][gc,start      ] GC(17) Pause Young (Concurrent Start) (G1 Humongous Allocation)
[2022-11-04T02:19:54.900+0100][gc,task       ] GC(17) Using 8 workers of 8 for evacuation
[2022-11-04T02:19:54.907+0100][gc,phases     ] GC(17)   Pre Evacuate Collection Set: 0,2ms
[2022-11-04T02:19:54.907+0100][gc,phases     ] GC(17)   Evacuate Collection Set: 5,0ms
[2022-11-04T02:19:54.907+0100][gc,phases     ] GC(17)   Post Evacuate Collection Set: 1,6ms
[2022-11-04T02:19:54.907+0100][gc,phases     ] GC(17)   Other: 0,4ms
[2022-11-04T02:19:54.907+0100][gc,heap       ] GC(17) Eden regions: 5->0(47)
[2022-11-04T02:19:54.907+0100][gc,heap       ] GC(17) Survivor regions: 3->4(7)
[2022-11-04T02:19:54.907+0100][gc,heap       ] GC(17) Old regions: 15->15
[2022-11-04T02:19:54.907+0100][gc,heap       ] GC(17) Humongous regions: 343->129
[2022-11-04T02:19:54.907+0100][gc,metaspace  ] GC(17) Metaspace: 42493K->42493K(1087488K)
[2022-11-04T02:19:54.907+0100][gc            ] GC(17) Pause Young (Concurrent Start) (G1 Humongous Allocation) 364M->145M(1024M) 7,328ms
[2022-11-04T02:19:54.907+0100][gc,cpu        ] GC(17) User=0,04s Sys=0,00s Real=0,00s
[2022-11-04T02:19:54.907+0100][gc            ] GC(18) Concurrent Cycle
[2022-11-04T02:19:54.908+0100][gc,marking    ] GC(18) Concurrent Clear Claimed Marks
[2022-11-04T02:19:54.908+0100][gc,marking    ] GC(18) Concurrent Clear Claimed Marks 0,229ms
[2022-11-04T02:19:54.908+0100][gc,marking    ] GC(18) Concurrent Scan Root Regions
[2022-11-04T02:19:54.911+0100][gc,marking    ] GC(18) Concurrent Scan Root Regions 2,823ms
[2022-11-04T02:19:54.911+0100][gc,marking    ] GC(18) Concurrent Mark (1468,212s)
[2022-11-04T02:19:54.911+0100][gc,marking    ] GC(18) Concurrent Mark From Roots
[2022-11-04T02:19:54.911+0100][gc,task       ] GC(18) Using 2 workers of 2 for marking
[2022-11-04T02:19:54.922+0100][gc,marking    ] GC(18) Concurrent Mark From Roots 11,824ms
[2022-11-04T02:19:54.923+0100][gc,marking    ] GC(18) Concurrent Preclean
[2022-11-04T02:19:54.923+0100][gc,marking    ] GC(18) Concurrent Preclean 0,269ms
[2022-11-04T02:19:54.923+0100][gc,marking    ] GC(18) Concurrent Mark (1468,212s, 1468,224s) 12,163ms
[2022-11-04T02:19:54.923+0100][gc,start      ] GC(18) Pause Remark
[2022-11-04T02:19:54.930+0100][gc,stringtable] GC(18) Cleaned string and symbol table, strings: 11663 processed, 0 removed, symbols: 91965 processed, 14 removed
[2022-11-04T02:19:54.931+0100][gc            ] GC(18) Pause Remark 146M->146M(1024M) 8,029ms
[2022-11-04T02:19:54.931+0100][gc,cpu        ] GC(18) User=0,04s Sys=0,00s Real=0,01s
[2022-11-04T02:19:54.931+0100][gc,marking    ] GC(18) Concurrent Rebuild Remembered Sets
[2022-11-04T02:19:54.939+0100][gc,marking    ] GC(18) Concurrent Rebuild Remembered Sets 7,674ms
[2022-11-04T02:19:54.939+0100][gc,start      ] GC(18) Pause Cleanup
[2022-11-04T02:19:54.939+0100][gc            ] GC(18) Pause Cleanup 147M->147M(1024M) 0,253ms
[2022-11-04T02:19:54.939+0100][gc,cpu        ] GC(18) User=0,00s Sys=0,00s Real=0,00s
[2022-11-04T02:19:54.939+0100][gc,marking    ] GC(18) Concurrent Cleanup for Next Mark
[2022-11-04T02:19:54.941+0100][gc,marking    ] GC(18) Concurrent Cleanup for Next Mark 1,837ms
[2022-11-04T02:19:54.941+0100][gc            ] GC(18) Concurrent Cycle 33,801ms
[2022-11-04T02:31:33.132+0100][gc,heap,exit  ] Heap
[2022-11-04T02:31:33.132+0100][gc,heap,exit  ]  garbage-first heap   total 1048576K, used 199057K [0x00000000c0000000, 0x0000000100000000)
[2022-11-04T02:31:33.132+0100][gc,heap,exit  ]   region size 1024K, 51 young (52224K), 4 survivors (4096K)
[2022-11-04T02:31:33.132+0100][gc,heap,exit  ]  Metaspace       used 45167K, capacity 47962K, committed 48000K, reserved 1089536K
[2022-11-04T02:31:33.132+0100][gc,heap,exit  ]   class space    used 6189K, capacity 7528K, committed 7552K, reserved 1048576K
