[2022-11-04T02:31:40.126+0100][gc,heap] Heap region size: 1M
[2022-11-04T02:31:40.136+0100][gc     ] Using G1
[2022-11-04T02:31:40.136+0100][gc,heap,coops] Heap address: 0x00000000e0000000, size: 512 MB, Compressed Oops mode: 32-bit
[2022-11-04T02:31:40.137+0100][gc,cds       ] Mark closed archive regions in map: [0x00000000fff00000, 0x00000000fff6aff8]
[2022-11-04T02:31:40.137+0100][gc,cds       ] Mark open archive regions in map: [0x00000000ffe00000, 0x00000000ffe47ff8]
[2022-11-04T02:31:40.667+0100][gc,start     ] GC(0) Pause Young (Normal) (G1 Evacuation Pause)
[2022-11-04T02:31:40.668+0100][gc,task      ] GC(0) Using 8 workers of 8 for evacuation
[2022-11-04T02:31:40.678+0100][gc,phases    ] GC(0)   Pre Evacuate Collection Set: 0,0ms
[2022-11-04T02:31:40.678+0100][gc,phases    ] GC(0)   Evacuate Collection Set: 9,6ms
[2022-11-04T02:31:40.678+0100][gc,phases    ] GC(0)   Post Evacuate Collection Set: 0,3ms
[2022-11-04T02:31:40.678+0100][gc,phases    ] GC(0)   Other: 1,0ms
[2022-11-04T02:31:40.678+0100][gc,heap      ] GC(0) Eden regions: 25->0(21)
[2022-11-04T02:31:40.678+0100][gc,heap      ] GC(0) Survivor regions: 0->4(4)
[2022-11-04T02:31:40.678+0100][gc,heap      ] GC(0) Old regions: 2->5
[2022-11-04T02:31:40.678+0100][gc,heap      ] GC(0) Humongous regions: 0->0
[2022-11-04T02:31:40.678+0100][gc,metaspace ] GC(0) Metaspace: 7326K->7326K(1056768K)
[2022-11-04T02:31:40.678+0100][gc           ] GC(0) Pause Young (Normal) (G1 Evacuation Pause) 25M->7M(512M) 11,071ms
[2022-11-04T02:31:40.678+0100][gc,cpu       ] GC(0) User=0,07s Sys=0,00s Real=0,02s
[2022-11-04T03:15:06.080+0100][gc,heap,exit ] Heap
[2022-11-04T03:15:06.081+0100][gc,heap,exit ]  garbage-first heap   total 524288K, used 25110K [0x00000000e0000000, 0x0000000100000000)
[2022-11-04T03:15:06.081+0100][gc,heap,exit ]   region size 1024K, 22 young (22528K), 4 survivors (4096K)
[2022-11-04T03:15:06.081+0100][gc,heap,exit ]  Metaspace       used 9380K, capacity 9819K, committed 10112K, reserved 1058816K
[2022-11-04T03:15:06.081+0100][gc,heap,exit ]   class space    used 984K, capacity 1152K, committed 1152K, reserved 1048576K
