[2022-11-04T01:54:02.727+0100][gc,heap] Heap region size: 1M
[2022-11-04T01:54:02.748+0100][gc     ] Using G1
[2022-11-04T01:54:02.748+0100][gc,heap,coops] Heap address: 0x00000000e0000000, size: 512 MB, Compressed Oops mode: 32-bit
[2022-11-04T01:54:02.749+0100][gc,cds       ] Mark closed archive regions in map: [0x00000000fff00000, 0x00000000fff6aff8]
[2022-11-04T01:54:02.749+0100][gc,cds       ] Mark open archive regions in map: [0x00000000ffe00000, 0x00000000ffe47ff8]
[2022-11-04T01:54:03.206+0100][gc,start     ] GC(0) Pause Young (Normal) (G1 Evacuation Pause)
[2022-11-04T01:54:03.206+0100][gc,task      ] GC(0) Using 8 workers of 8 for evacuation
[2022-11-04T01:54:03.218+0100][gc,phases    ] GC(0)   Pre Evacuate Collection Set: 0,0ms
[2022-11-04T01:54:03.218+0100][gc,phases    ] GC(0)   Evacuate Collection Set: 11,0ms
[2022-11-04T01:54:03.218+0100][gc,phases    ] GC(0)   Post Evacuate Collection Set: 0,4ms
[2022-11-04T01:54:03.218+0100][gc,phases    ] GC(0)   Other: 0,9ms
[2022-11-04T01:54:03.218+0100][gc,heap      ] GC(0) Eden regions: 25->0(21)
[2022-11-04T01:54:03.218+0100][gc,heap      ] GC(0) Survivor regions: 0->4(4)
[2022-11-04T01:54:03.218+0100][gc,heap      ] GC(0) Old regions: 2->5
[2022-11-04T01:54:03.218+0100][gc,heap      ] GC(0) Humongous regions: 0->0
[2022-11-04T01:54:03.218+0100][gc,metaspace ] GC(0) Metaspace: 7294K->7294K(1056768K)
[2022-11-04T01:54:03.218+0100][gc           ] GC(0) Pause Young (Normal) (G1 Evacuation Pause) 25M->7M(512M) 12,532ms
[2022-11-04T01:54:03.218+0100][gc,cpu       ] GC(0) User=0,08s Sys=0,00s Real=0,02s
[2022-11-04T02:31:38.002+0100][gc,heap,exit ] Heap
[2022-11-04T02:31:38.003+0100][gc,heap,exit ]  garbage-first heap   total 524288K, used 24103K [0x00000000e0000000, 0x0000000100000000)
[2022-11-04T02:31:38.003+0100][gc,heap,exit ]   region size 1024K, 21 young (21504K), 4 survivors (4096K)
[2022-11-04T02:31:38.003+0100][gc,heap,exit ]  Metaspace       used 9227K, capacity 9599K, committed 9856K, reserved 1058816K
[2022-11-04T02:31:38.003+0100][gc,heap,exit ]   class space    used 977K, capacity 1120K, committed 1152K, reserved 1048576K
